Archive member included to satisfy reference by file (symbol)

/home/ale/.Ac6/SystemWorkbench/plugins/fr.ac6.mcu.externaltools.arm-none.linux64_1.7.0.201602291252/tools/compiler/bin/../lib/gcc/arm-none-eabi/5.2.1/../../../../arm-none-eabi/lib/armv7e-m/fpu/libc_nano.a(lib_a-exit.o)
                              /home/ale/.Ac6/SystemWorkbench/plugins/fr.ac6.mcu.externaltools.arm-none.linux64_1.7.0.201602291252/tools/compiler/bin/../lib/gcc/arm-none-eabi/5.2.1/../../../../arm-none-eabi/lib/armv7e-m/fpu/crt0.o (exit)
/home/ale/.Ac6/SystemWorkbench/plugins/fr.ac6.mcu.externaltools.arm-none.linux64_1.7.0.201602291252/tools/compiler/bin/../lib/gcc/arm-none-eabi/5.2.1/../../../../arm-none-eabi/lib/armv7e-m/fpu/libc_nano.a(lib_a-impure.o)
                              /home/ale/.Ac6/SystemWorkbench/plugins/fr.ac6.mcu.externaltools.arm-none.linux64_1.7.0.201602291252/tools/compiler/bin/../lib/gcc/arm-none-eabi/5.2.1/../../../../arm-none-eabi/lib/armv7e-m/fpu/libc_nano.a(lib_a-exit.o) (_global_impure_ptr)
/home/ale/.Ac6/SystemWorkbench/plugins/fr.ac6.mcu.externaltools.arm-none.linux64_1.7.0.201602291252/tools/compiler/bin/../lib/gcc/arm-none-eabi/5.2.1/../../../../arm-none-eabi/lib/armv7e-m/fpu/libc_nano.a(lib_a-init.o)
                              /home/ale/.Ac6/SystemWorkbench/plugins/fr.ac6.mcu.externaltools.arm-none.linux64_1.7.0.201602291252/tools/compiler/bin/../lib/gcc/arm-none-eabi/5.2.1/../../../../arm-none-eabi/lib/armv7e-m/fpu/crt0.o (__libc_init_array)
/home/ale/.Ac6/SystemWorkbench/plugins/fr.ac6.mcu.externaltools.arm-none.linux64_1.7.0.201602291252/tools/compiler/bin/../lib/gcc/arm-none-eabi/5.2.1/../../../../arm-none-eabi/lib/armv7e-m/fpu/libc_nano.a(lib_a-malloc.o)
                              Middlewares/USB_Host_Library/usbh_cdc.o (malloc)
/home/ale/.Ac6/SystemWorkbench/plugins/fr.ac6.mcu.externaltools.arm-none.linux64_1.7.0.201602291252/tools/compiler/bin/../lib/gcc/arm-none-eabi/5.2.1/../../../../arm-none-eabi/lib/armv7e-m/fpu/libc_nano.a(lib_a-memcpy-stub.o)
                              Middlewares/FreeRTOS/queue.o (memcpy)
/home/ale/.Ac6/SystemWorkbench/plugins/fr.ac6.mcu.externaltools.arm-none.linux64_1.7.0.201602291252/tools/compiler/bin/../lib/gcc/arm-none-eabi/5.2.1/../../../../arm-none-eabi/lib/armv7e-m/fpu/libc_nano.a(lib_a-memset.o)
                              /home/ale/.Ac6/SystemWorkbench/plugins/fr.ac6.mcu.externaltools.arm-none.linux64_1.7.0.201602291252/tools/compiler/bin/../lib/gcc/arm-none-eabi/5.2.1/../../../../arm-none-eabi/lib/armv7e-m/fpu/crt0.o (memset)
/home/ale/.Ac6/SystemWorkbench/plugins/fr.ac6.mcu.externaltools.arm-none.linux64_1.7.0.201602291252/tools/compiler/bin/../lib/gcc/arm-none-eabi/5.2.1/../../../../arm-none-eabi/lib/armv7e-m/fpu/libc_nano.a(lib_a-nano-freer.o)
                              /home/ale/.Ac6/SystemWorkbench/plugins/fr.ac6.mcu.externaltools.arm-none.linux64_1.7.0.201602291252/tools/compiler/bin/../lib/gcc/arm-none-eabi/5.2.1/../../../../arm-none-eabi/lib/armv7e-m/fpu/libc_nano.a(lib_a-malloc.o) (_free_r)
/home/ale/.Ac6/SystemWorkbench/plugins/fr.ac6.mcu.externaltools.arm-none.linux64_1.7.0.201602291252/tools/compiler/bin/../lib/gcc/arm-none-eabi/5.2.1/../../../../arm-none-eabi/lib/armv7e-m/fpu/libc_nano.a(lib_a-nano-mallocr.o)
                              /home/ale/.Ac6/SystemWorkbench/plugins/fr.ac6.mcu.externaltools.arm-none.linux64_1.7.0.201602291252/tools/compiler/bin/../lib/gcc/arm-none-eabi/5.2.1/../../../../arm-none-eabi/lib/armv7e-m/fpu/libc_nano.a(lib_a-malloc.o) (_malloc_r)
/home/ale/.Ac6/SystemWorkbench/plugins/fr.ac6.mcu.externaltools.arm-none.linux64_1.7.0.201602291252/tools/compiler/bin/../lib/gcc/arm-none-eabi/5.2.1/../../../../arm-none-eabi/lib/armv7e-m/fpu/libc_nano.a(lib_a-sbrkr.o)
                              /home/ale/.Ac6/SystemWorkbench/plugins/fr.ac6.mcu.externaltools.arm-none.linux64_1.7.0.201602291252/tools/compiler/bin/../lib/gcc/arm-none-eabi/5.2.1/../../../../arm-none-eabi/lib/armv7e-m/fpu/libc_nano.a(lib_a-nano-mallocr.o) (_sbrk_r)
/home/ale/.Ac6/SystemWorkbench/plugins/fr.ac6.mcu.externaltools.arm-none.linux64_1.7.0.201602291252/tools/compiler/bin/../lib/gcc/arm-none-eabi/5.2.1/../../../../arm-none-eabi/lib/armv7e-m/fpu/libc_nano.a(lib_a-reent.o)
                              /home/ale/.Ac6/SystemWorkbench/plugins/fr.ac6.mcu.externaltools.arm-none.linux64_1.7.0.201602291252/tools/compiler/bin/../lib/gcc/arm-none-eabi/5.2.1/../../../../arm-none-eabi/lib/armv7e-m/fpu/libc_nano.a(lib_a-sbrkr.o) (errno)
/home/ale/.Ac6/SystemWorkbench/plugins/fr.ac6.mcu.externaltools.arm-none.linux64_1.7.0.201602291252/tools/compiler/bin/../lib/gcc/arm-none-eabi/5.2.1/../../../../arm-none-eabi/lib/armv7e-m/fpu/libnosys.a(sbrk.o)
                              /home/ale/.Ac6/SystemWorkbench/plugins/fr.ac6.mcu.externaltools.arm-none.linux64_1.7.0.201602291252/tools/compiler/bin/../lib/gcc/arm-none-eabi/5.2.1/../../../../arm-none-eabi/lib/armv7e-m/fpu/libc_nano.a(lib_a-sbrkr.o) (_sbrk)
[...]
Memory Configuration

Name             Origin             Length             Attributes
RAM              0x20000000         0x00020000         xrw
CCMRAM           0x10000000         0x00010000         rw
FLASH            0x08000000         0x00100000         xr
*default*        0x00000000         0xffffffff

Linker script and memory map

LOAD /home/ale/.Ac6/SystemWorkbench/plugins/fr.ac6.mcu.externaltools.arm-none.linux64_1.7.0.201602291252/tools/compiler/bin/../lib/gcc/arm-none-eabi/5.2.1/armv7e-m/fpu/crti.o
LOAD /home/ale/.Ac6/SystemWorkbench/plugins/fr.ac6.mcu.externaltools.arm-none.linux64_1.7.0.201602291252/tools/compiler/bin/../lib/gcc/arm-none-eabi/5.2.1/armv7e-m/fpu/crtbegin.o
LOAD /home/ale/.Ac6/SystemWorkbench/plugins/fr.ac6.mcu.externaltools.arm-none.linux64_1.7.0.201602291252/tools/compiler/bin/../lib/gcc/arm-none-eabi/5.2.1/../../../../arm-none-eabi/lib/armv7e-m/fpu/crt0.o
LOAD /home/ale/.Ac6/SystemWorkbench/plugins/fr.ac6.mcu.externaltools.arm-none.linux64_1.7.0.201602291252/tools/compiler/bin/../lib/gcc/arm-none-eabi/5.2.1/../../../../arm-none-eabi/lib/armv7e-m/fpu/libm.a
LOAD Application/SW4STM32/startup_stm32f407xx.o
LOAD Application/User/freertos.o
LOAD Application/User/main.o
LOAD Application/User/stm32f4xx_hal_msp.o
LOAD Application/User/stm32f4xx_hal_timebase_TIM.o
LOAD Application/User/stm32f4xx_it.o
LOAD Application/User/usb_host.o
LOAD Application/User/usbh_conf.o
LOAD Application/User/usbh_platform.o
LOAD Drivers/CMSIS/system_stm32f4xx.o
LOAD Drivers/STM32F4xx_HAL_Driver/stm32f4xx_hal.o
LOAD Drivers/STM32F4xx_HAL_Driver/stm32f4xx_hal_can.o
LOAD Drivers/STM32F4xx_HAL_Driver/stm32f4xx_hal_cortex.o
LOAD Drivers/STM32F4xx_HAL_Driver/stm32f4xx_hal_dma.o
LOAD Drivers/STM32F4xx_HAL_Driver/stm32f4xx_hal_dma_ex.o
LOAD Drivers/STM32F4xx_HAL_Driver/stm32f4xx_hal_flash.o
LOAD Drivers/STM32F4xx_HAL_Driver/stm32f4xx_hal_flash_ex.o
LOAD Drivers/STM32F4xx_HAL_Driver/stm32f4xx_hal_flash_ramfunc.o
LOAD Drivers/STM32F4xx_HAL_Driver/stm32f4xx_hal_gpio.o
LOAD Drivers/STM32F4xx_HAL_Driver/stm32f4xx_hal_hcd.o
LOAD Drivers/STM32F4xx_HAL_Driver/stm32f4xx_hal_i2c.o
LOAD Drivers/STM32F4xx_HAL_Driver/stm32f4xx_hal_i2c_ex.o
LOAD Drivers/STM32F4xx_HAL_Driver/stm32f4xx_hal_i2s.o
LOAD Drivers/STM32F4xx_HAL_Driver/stm32f4xx_hal_i2s_ex.o
LOAD Drivers/STM32F4xx_HAL_Driver/stm32f4xx_hal_pwr.o
LOAD Drivers/STM32F4xx_HAL_Driver/stm32f4xx_hal_pwr_ex.o
LOAD Drivers/STM32F4xx_HAL_Driver/stm32f4xx_hal_rcc.o
LOAD Drivers/STM32F4xx_HAL_Driver/stm32f4xx_hal_rcc_ex.o
LOAD Drivers/STM32F4xx_HAL_Driver/stm32f4xx_hal_spi.o
LOAD Drivers/STM32F4xx_HAL_Driver/stm32f4xx_hal_tim.o
LOAD Drivers/STM32F4xx_HAL_Driver/stm32f4xx_hal_tim_ex.o
LOAD Drivers/STM32F4xx_HAL_Driver/stm32f4xx_ll_usb.o
LOAD Middlewares/FreeRTOS/cmsis_os.o
LOAD Middlewares/FreeRTOS/croutine.o
LOAD Middlewares/FreeRTOS/event_groups.o
LOAD Middlewares/FreeRTOS/heap_4.o
LOAD Middlewares/FreeRTOS/list.o
LOAD Middlewares/FreeRTOS/port.o
LOAD Middlewares/FreeRTOS/queue.o
LOAD Middlewares/FreeRTOS/tasks.o
LOAD Middlewares/FreeRTOS/timers.o
LOAD Middlewares/USB_Host_Library/usbh_cdc.o
LOAD Middlewares/USB_Host_Library/usbh_core.o
LOAD Middlewares/USB_Host_Library/usbh_ctlreq.o
LOAD Middlewares/USB_Host_Library/usbh_ioreq.o
LOAD Middlewares/USB_Host_Library/usbh_pipes.o
START GROUP
LOAD /home/ale/.Ac6/SystemWorkbench/plugins/fr.ac6.mcu.externaltools.arm-none.linux64_1.7.0.201602291252/tools/compiler/bin/../lib/gcc/arm-none-eabi/5.2.1/armv7e-m/fpu/libgcc.a
LOAD /home/ale/.Ac6/SystemWorkbench/plugins/fr.ac6.mcu.externaltools.arm-none.linux64_1.7.0.201602291252/tools/compiler/bin/../lib/gcc/arm-none-eabi/5.2.1/../../../../arm-none-eabi/lib/armv7e-m/fpu/libc_nano.a
END GROUP
START GROUP
LOAD /home/ale/.Ac6/SystemWorkbench/plugins/fr.ac6.mcu.externaltools.arm-none.linux64_1.7.0.201602291252/tools/compiler/bin/../lib/gcc/arm-none-eabi/5.2.1/armv7e-m/fpu/libgcc.a
LOAD /home/ale/.Ac6/SystemWorkbench/plugins/fr.ac6.mcu.externaltools.arm-none.linux64_1.7.0.201602291252/tools/compiler/bin/../lib/gcc/arm-none-eabi/5.2.1/../../../../arm-none-eabi/lib/armv7e-m/fpu/libc_nano.a
LOAD /home/ale/.Ac6/SystemWorkbench/plugins/fr.ac6.mcu.externaltools.arm-none.linux64_1.7.0.201602291252/tools/compiler/bin/../lib/gcc/arm-none-eabi/5.2.1/../../../../arm-none-eabi/lib/armv7e-m/fpu/libnosys.a
END GROUP
START GROUP
LOAD /home/ale/.Ac6/SystemWorkbench/plugins/fr.ac6.mcu.externaltools.arm-none.linux64_1.7.0.201602291252/tools/compiler/bin/../lib/gcc/arm-none-eabi/5.2.1/armv7e-m/fpu/libgcc.a
LOAD /home/ale/.Ac6/SystemWorkbench/plugins/fr.ac6.mcu.externaltools.arm-none.linux64_1.7.0.201602291252/tools/compiler/bin/../lib/gcc/arm-none-eabi/5.2.1/../../../../arm-none-eabi/lib/armv7e-m/fpu/libc_nano.a
LOAD /home/ale/.Ac6/SystemWorkbench/plugins/fr.ac6.mcu.externaltools.arm-none.linux64_1.7.0.201602291252/tools/compiler/bin/../lib/gcc/arm-none-eabi/5.2.1/../../../../arm-none-eabi/lib/armv7e-m/fpu/libnosys.a
END GROUP
LOAD /home/ale/.Ac6/SystemWorkbench/plugins/fr.ac6.mcu.externaltools.arm-none.linux64_1.7.0.201602291252/tools/compiler/bin/../lib/gcc/arm-none-eabi/5.2.1/armv7e-m/fpu/crtend.o
LOAD /home/ale/.Ac6/SystemWorkbench/plugins/fr.ac6.mcu.externaltools.arm-none.linux64_1.7.0.201602291252/tools/compiler/bin/../lib/gcc/arm-none-eabi/5.2.1/armv7e-m/fpu/crtn.o
                0x20020000                _estack = 0x20020000
                0x00000200                _Min_Heap_Size = 0x200
                0x00000400                _Min_Stack_Size = 0x400

.isr_vector     0x08000000      0x188
                0x08000000                . = ALIGN (0x4)
 *(.isr_vector)
 .isr_vector    0x08000000      0x188 Application/SW4STM32/startup_stm32f407xx.o
                0x08000000                g_pfnVectors
                0x08000188                . = ALIGN (0x4)

.text           0x08000188     0x3b84
                0x08000188                . = ALIGN (0x4)
 *(.text)
 .text          0x08000188       0xa4 /home/ale/.Ac6/SystemWorkbench/plugins/fr.ac6.mcu.externaltools.arm-none.linux64_1.7.0.201602291252/tools/compiler/bin/../lib/gcc/arm-none-eabi/5.2.1/armv7e-m/fpu/crtbegin.o
 *(.text*)
 .text.Reset_Handler
                0x0800022c       0x50 Application/SW4STM32/startup_stm32f407xx.o
                0x0800022c                Reset_Handler
 .text.Default_Handler
                0x0800027c        0x2 Application/SW4STM32/startup_stm32f407xx.o
                0x0800027c                RTC_Alarm_IRQHandler
                0x0800027c                HASH_RNG_IRQHandler
                0x0800027c                EXTI2_IRQHandler
                0x0800027c                TIM8_CC_IRQHandler
                0x0800027c                DebugMon_Handler
                0x0800027c                TIM1_CC_IRQHandler
                0x0800027c                DMA2_Stream5_IRQHandler
                0x0800027c                HardFault_Handler
                0x0800027c                DMA1_Stream5_IRQHandler
                0x0800027c                PVD_IRQHandler
                0x0800027c                SDIO_IRQHandler
                0x0800027c                TAMP_STAMP_IRQHandler
                0x0800027c                NMI_Handler
                0x0800027c                CAN2_RX1_IRQHandler
                0x0800027c                EXTI3_IRQHandler
                0x0800027c                TIM8_TRG_COM_TIM14_IRQHandler
                0x0800027c                TIM1_UP_TIM10_IRQHandler
                0x0800027c                TIM8_UP_TIM13_IRQHandler
                0x0800027c                I2C3_ER_IRQHandler
                0x0800027c                EXTI0_IRQHandler
                0x0800027c                I2C2_EV_IRQHandler
                0x0800027c                DMA1_Stream2_IRQHandler
                0x0800027c                FPU_IRQHandler
                0x0800027c                OTG_HS_WKUP_IRQHandler
                0x0800027c                UsageFault_Handler
                0x0800027c                CAN2_SCE_IRQHandler
                0x0800027c                DMA2_Stream2_IRQHandler
                0x0800027c                SPI1_IRQHandler
                0x0800027c                TIM6_DAC_IRQHandler
                0x0800027c                TIM1_BRK_TIM9_IRQHandler
                0x0800027c                DCMI_IRQHandler
                0x0800027c                CAN2_RX0_IRQHandler
                0x0800027c                DMA2_Stream3_IRQHandler
                0x0800027c                USART6_IRQHandler
                0x0800027c                USART3_IRQHandler
                0x0800027c                UART5_IRQHandler
                0x0800027c                DMA2_Stream0_IRQHandler
                0x0800027c                I2C1_EV_IRQHandler
                0x0800027c                DMA1_Stream6_IRQHandler
                0x0800027c                DMA1_Stream1_IRQHandler
                0x0800027c                UART4_IRQHandler
                0x0800027c                TIM3_IRQHandler
                0x0800027c                RCC_IRQHandler
                0x0800027c                TIM8_BRK_TIM12_IRQHandler
                0x0800027c                Default_Handler
                0x0800027c                EXTI15_10_IRQHandler
                0x0800027c                ADC_IRQHandler
                0x0800027c                DMA1_Stream7_IRQHandler
                0x0800027c                TIM7_IRQHandler
                0x0800027c                CAN2_TX_IRQHandler
                0x0800027c                TIM5_IRQHandler
                0x0800027c                DMA2_Stream7_IRQHandler
                0x0800027c                I2C3_EV_IRQHandler
                0x0800027c                EXTI9_5_IRQHandler
                0x0800027c                RTC_WKUP_IRQHandler
                0x0800027c                ETH_WKUP_IRQHandler
                0x0800027c                SPI2_IRQHandler
                0x0800027c                OTG_HS_EP1_IN_IRQHandler
                0x0800027c                MemManage_Handler
                0x0800027c                DMA1_Stream0_IRQHandler
                0x0800027c                EXTI4_IRQHandler
                0x0800027c                FSMC_IRQHandler
                0x0800027c                ETH_IRQHandler
                0x0800027c                OTG_HS_EP1_OUT_IRQHandler
                0x0800027c                WWDG_IRQHandler
                0x0800027c                TIM2_IRQHandler
                0x0800027c                OTG_FS_WKUP_IRQHandler
                0x0800027c                TIM1_TRG_COM_TIM11_IRQHandler
                0x0800027c                OTG_HS_IRQHandler
                0x0800027c                EXTI1_IRQHandler
                0x0800027c                USART2_IRQHandler
                0x0800027c                I2C2_ER_IRQHandler
                0x0800027c                DMA2_Stream1_IRQHandler
                0x0800027c                FLASH_IRQHandler
                0x0800027c                DMA2_Stream4_IRQHandler
                0x0800027c                BusFault_Handler
                0x0800027c                USART1_IRQHandler
                0x0800027c                SPI3_IRQHandler
                0x0800027c                DMA1_Stream4_IRQHandler
                0x0800027c                I2C1_ER_IRQHandler
                0x0800027c                DMA2_Stream6_IRQHandler
                0x0800027c                DMA1_Stream3_IRQHandler
 .text.vApplicationStackOverflowHook
                0x0800027e        0x2 Application/User/freertos.o
                0x0800027e                vApplicationStackOverflowHook
 .text.vApplicationMallocFailedHook
                0x08000280        0x2 Application/User/freertos.o
                0x08000280                vApplicationMallocFailedHook
 *fill*         0x08000282        0x2 
 .text.HAL_TIM_PeriodElapsedCallback
                0x08000284       0x14 Application/User/main.o
                0x08000284                HAL_TIM_PeriodElapsedCallback
 .text.Error_Handler
                0x08000298       0x14 Application/User/main.o
                0x08000298                Error_Handler
 .text.SystemClock_Config
                0x080002ac       0xc0 Application/User/main.o
                0x080002ac                SystemClock_Config
 .text.startup.main
                0x0800036c      0x298 Application/User/main.o
                0x0800036c                main
 .text.CAN_Polling
                0x08000604       0x7c Application/User/main.o
                0x08000604                CAN_Polling
 .text.Task_Body
                0x08000680       0x40 Application/User/main.o
 .text.HAL_MspInit
                0x080006c0       0x60 Application/User/stm32f4xx_hal_msp.o
                0x080006c0                HAL_MspInit
 .text.HAL_CAN_MspInit
                0x08000720       0x8c Application/User/stm32f4xx_hal_msp.o
                0x08000720                HAL_CAN_MspInit
 .text.HAL_I2C_MspInit
                0x080007ac       0x54 Application/User/stm32f4xx_hal_msp.o
                0x080007ac                HAL_I2C_MspInit
 .text.HAL_I2S_MspInit
                0x08000800       0x64 Application/User/stm32f4xx_hal_msp.o
                0x08000800                HAL_I2S_MspInit
 .text.HAL_SPI_MspInit
                0x08000864       0x4c Application/User/stm32f4xx_hal_msp.o
                0x08000864                HAL_SPI_MspInit
 .text.HAL_InitTick
                0x080008b0       0x7c Application/User/stm32f4xx_hal_timebase_TIM.o
                0x080008b0                HAL_InitTick
 .text.SysTick_Handler
                0x0800092c        0x4 Application/User/stm32f4xx_it.o
                0x0800092c                SysTick_Handler
 .text.CAN1_SCE_IRQHandler
                0x08000930        0xc Application/User/stm32f4xx_it.o
                0x08000930                CAN1_SCE_IRQHandler
 .text.CAN1_RX1_IRQHandler
                0x0800093c        0x4 Application/User/stm32f4xx_it.o
                0x0800093c                CAN1_RX1_IRQHandler
 .text.CAN1_RX0_IRQHandler
                0x08000940        0x4 Application/User/stm32f4xx_it.o
                0x08000940                CAN1_RX0_IRQHandler
 .text.CAN1_TX_IRQHandler
                0x08000944        0x4 Application/User/stm32f4xx_it.o
                0x08000944                CAN1_TX_IRQHandler
 .text.TIM4_IRQHandler
                0x08000948        0xc Application/User/stm32f4xx_it.o
                0x08000948                TIM4_IRQHandler
 .text.OTG_FS_IRQHandler
                0x08000954        0xc Application/User/stm32f4xx_it.o
                0x08000954                OTG_FS_IRQHandler
 .text.HAL_HCD_SOF_Callback
                0x08000960        0x8 Application/User/usbh_conf.o
                0x08000960                HAL_HCD_SOF_Callback
 .text.HAL_HCD_Connect_Callback
                0x08000968        0x8 Application/User/usbh_conf.o
                0x08000968                HAL_HCD_Connect_Callback
 .text.HAL_HCD_Disconnect_Callback
                0x08000970        0x8 Application/User/usbh_conf.o
                0x08000970                HAL_HCD_Disconnect_Callback
 .text.HAL_HCD_HC_NotifyURBChange_Callback
                0x08000978        0x8 Application/User/usbh_conf.o
                0x08000978                HAL_HCD_HC_NotifyURBChange_Callback
 .text.USBH_LL_Start
                0x08000980        0xe Application/User/usbh_conf.o
                0x08000980                USBH_LL_Start
 .text.USBH_LL_Stop
                0x0800098e        0xe Application/User/usbh_conf.o
                0x0800098e                USBH_LL_Stop
 .text.SystemInit
                0x0800099c       0x4c Drivers/CMSIS/system_stm32f4xx.o
                0x0800099c                SystemInit
 .text.HAL_Init
                0x080009e8       0x34 Drivers/STM32F4xx_HAL_Driver/stm32f4xx_hal.o
                0x080009e8                HAL_Init
 .text.HAL_IncTick
                0x08000a1c       0x10 Drivers/STM32F4xx_HAL_Driver/stm32f4xx_hal.o
                0x08000a1c                HAL_IncTick
 .text.HAL_GetTick
                0x08000a2c        0xc Drivers/STM32F4xx_HAL_Driver/stm32f4xx_hal.o
                0x08000a2c                HAL_GetTick
 .text.HAL_CAN_ConfigFilter
                0x08000a38       0xf4 Drivers/STM32F4xx_HAL_Driver/stm32f4xx_hal_can.o
                0x08000a38                HAL_CAN_ConfigFilter
 .text.HAL_CAN_Init
                0x08000b2c      0x12c Drivers/STM32F4xx_HAL_Driver/stm32f4xx_hal_can.o
                0x08000b2c                HAL_CAN_Init
 .text.HAL_CAN_Transmit
                0x08000c58      0x160 Drivers/STM32F4xx_HAL_Driver/stm32f4xx_hal_can.o
                0x08000c58                HAL_CAN_Transmit
 .text.HAL_CAN_Receive
                0x08000db8      0x13c Drivers/STM32F4xx_HAL_Driver/stm32f4xx_hal_can.o
                0x08000db8                HAL_CAN_Receive
 .text.HAL_CAN_TxCpltCallback
                0x08000ef4        0x2 Drivers/STM32F4xx_HAL_Driver/stm32f4xx_hal_can.o
                0x08000ef4                HAL_CAN_TxCpltCallback
 .text.HAL_CAN_RxCpltCallback
                0x08000ef6        0x2 Drivers/STM32F4xx_HAL_Driver/stm32f4xx_hal_can.o
                0x08000ef6                HAL_CAN_RxCpltCallback
 .text.CAN_Receive_IT
                0x08000ef8      0x114 Drivers/STM32F4xx_HAL_Driver/stm32f4xx_hal_can.o
 .text.HAL_CAN_ErrorCallback
                0x0800100c        0x2 Drivers/STM32F4xx_HAL_Driver/stm32f4xx_hal_can.o
                0x0800100c                HAL_CAN_ErrorCallback
 *fill*         0x0800100e        0x2 
 .text.HAL_CAN_IRQHandler
                0x08001010      0x188 Drivers/STM32F4xx_HAL_Driver/stm32f4xx_hal_can.o
                0x08001010                HAL_CAN_IRQHandler
 .text.HAL_CAN_GetState
                0x08001198        0x6 Drivers/STM32F4xx_HAL_Driver/stm32f4xx_hal_can.o
                0x08001198                HAL_CAN_GetState
 *fill*         0x0800119e        0x2 
 .text.HAL_NVIC_SetPriorityGrouping
                0x080011a0       0x24 Drivers/STM32F4xx_HAL_Driver/stm32f4xx_hal_cortex.o
                0x080011a0                HAL_NVIC_SetPriorityGrouping
 .text.HAL_NVIC_SetPriority
                0x080011c4       0x68 Drivers/STM32F4xx_HAL_Driver/stm32f4xx_hal_cortex.o
                0x080011c4                HAL_NVIC_SetPriority
 .text.HAL_NVIC_EnableIRQ
                0x0800122c       0x18 Drivers/STM32F4xx_HAL_Driver/stm32f4xx_hal_cortex.o
                0x0800122c                HAL_NVIC_EnableIRQ
 .text.HAL_SYSTICK_Config
                0x08001244       0x2c Drivers/STM32F4xx_HAL_Driver/stm32f4xx_hal_cortex.o
                0x08001244                HAL_SYSTICK_Config
 .text.HAL_SYSTICK_CLKSourceConfig
                0x08001270       0x18 Drivers/STM32F4xx_HAL_Driver/stm32f4xx_hal_cortex.o
                0x08001270                HAL_SYSTICK_CLKSourceConfig
 .text.HAL_GPIO_Init
                0x08001288      0x1c0 Drivers/STM32F4xx_HAL_Driver/stm32f4xx_hal_gpio.o
                0x08001288                HAL_GPIO_Init
 .text.HAL_GPIO_WritePin
                0x08001448        0x8 Drivers/STM32F4xx_HAL_Driver/stm32f4xx_hal_gpio.o
                0x08001448                HAL_GPIO_WritePin
 .text.HAL_GPIO_TogglePin
                0x08001450        0x8 Drivers/STM32F4xx_HAL_Driver/stm32f4xx_hal_gpio.o
                0x08001450                HAL_GPIO_TogglePin
 .text.HAL_HCD_IRQHandler
                0x08001458      0x624 Drivers/STM32F4xx_HAL_Driver/stm32f4xx_hal_hcd.o
                0x08001458                HAL_HCD_IRQHandler
 .text.HAL_HCD_Start
                0x08001a7c       0x2c Drivers/STM32F4xx_HAL_Driver/stm32f4xx_hal_hcd.o
                0x08001a7c                HAL_HCD_Start
 .text.HAL_HCD_Stop
                0x08001aa8       0x24 Drivers/STM32F4xx_HAL_Driver/stm32f4xx_hal_hcd.o
                0x08001aa8                HAL_HCD_Stop
 .text.HAL_I2C_Init
                0x08001acc       0xdc Drivers/STM32F4xx_HAL_Driver/stm32f4xx_hal_i2c.o
                0x08001acc                HAL_I2C_Init
 .text.I2S_GetInputClock
                0x08001ba8       0x4c Drivers/STM32F4xx_HAL_Driver/stm32f4xx_hal_i2s_ex.o
                0x08001ba8                I2S_GetInputClock
 .text.HAL_I2S_Init
                0x08001bf4      0x128 Drivers/STM32F4xx_HAL_Driver/stm32f4xx_hal_i2s_ex.o
                0x08001bf4                HAL_I2S_Init
 .text.HAL_RCC_OscConfig
                0x08001d1c      0x2d0 Drivers/STM32F4xx_HAL_Driver/stm32f4xx_hal_rcc.o
                0x08001d1c                HAL_RCC_OscConfig
 .text.HAL_RCC_GetSysClockFreq
                0x08001fec       0x7c Drivers/STM32F4xx_HAL_Driver/stm32f4xx_hal_rcc.o
                0x08001fec                HAL_RCC_GetSysClockFreq
 .text.HAL_RCC_ClockConfig
                0x08002068      0x168 Drivers/STM32F4xx_HAL_Driver/stm32f4xx_hal_rcc.o
                0x08002068                HAL_RCC_ClockConfig
 .text.HAL_RCC_GetHCLKFreq
                0x080021d0        0xc Drivers/STM32F4xx_HAL_Driver/stm32f4xx_hal_rcc.o
                0x080021d0                HAL_RCC_GetHCLKFreq
 .text.HAL_RCC_GetPCLK1Freq
                0x080021dc       0x30 Drivers/STM32F4xx_HAL_Driver/stm32f4xx_hal_rcc.o
                0x080021dc                HAL_RCC_GetPCLK1Freq
 .text.HAL_RCC_GetClockConfig
                0x0800220c       0x3c Drivers/STM32F4xx_HAL_Driver/stm32f4xx_hal_rcc.o
                0x0800220c                HAL_RCC_GetClockConfig
 .text.HAL_RCCEx_PeriphCLKConfig
                0x08002248      0x14c Drivers/STM32F4xx_HAL_Driver/stm32f4xx_hal_rcc_ex.o
                0x08002248                HAL_RCCEx_PeriphCLKConfig
 .text.HAL_SPI_Init
                0x08002394       0x7a Drivers/STM32F4xx_HAL_Driver/stm32f4xx_hal_spi.o
                0x08002394                HAL_SPI_Init
 .text.HAL_TIM_Base_MspInit
                0x0800240e        0x2 Drivers/STM32F4xx_HAL_Driver/stm32f4xx_hal_tim.o
                0x0800240e                HAL_TIM_Base_MspInit
 .text.HAL_TIM_Base_Start_IT
                0x08002410       0x16 Drivers/STM32F4xx_HAL_Driver/stm32f4xx_hal_tim.o
                0x08002410                HAL_TIM_Base_Start_IT
 .text.HAL_TIM_OC_DelayElapsedCallback
                0x08002426        0x2 Drivers/STM32F4xx_HAL_Driver/stm32f4xx_hal_tim.o
                0x08002426                HAL_TIM_OC_DelayElapsedCallback
 .text.HAL_TIM_IC_CaptureCallback
                0x08002428        0x2 Drivers/STM32F4xx_HAL_Driver/stm32f4xx_hal_tim.o
                0x08002428                HAL_TIM_IC_CaptureCallback
 .text.HAL_TIM_PWM_PulseFinishedCallback
                0x0800242a        0x2 Drivers/STM32F4xx_HAL_Driver/stm32f4xx_hal_tim.o
                0x0800242a                HAL_TIM_PWM_PulseFinishedCallback
 .text.HAL_TIM_TriggerCallback
                0x0800242c        0x2 Drivers/STM32F4xx_HAL_Driver/stm32f4xx_hal_tim.o
                0x0800242c                HAL_TIM_TriggerCallback
 .text.HAL_TIM_IRQHandler
                0x0800242e      0x144 Drivers/STM32F4xx_HAL_Driver/stm32f4xx_hal_tim.o
                0x0800242e                HAL_TIM_IRQHandler
 *fill*         0x08002572        0x2 
 .text.TIM_Base_SetConfig
                0x08002574       0xc8 Drivers/STM32F4xx_HAL_Driver/stm32f4xx_hal_tim.o
                0x08002574                TIM_Base_SetConfig
 .text.HAL_TIM_Base_Init
                0x0800263c       0x34 Drivers/STM32F4xx_HAL_Driver/stm32f4xx_hal_tim.o
                0x0800263c                HAL_TIM_Base_Init
 .text.HAL_TIMEx_CommutationCallback
                0x08002670        0x2 Drivers/STM32F4xx_HAL_Driver/stm32f4xx_hal_tim_ex.o
                0x08002670                HAL_TIMEx_CommutationCallback
 .text.HAL_TIMEx_BreakCallback
                0x08002672        0x2 Drivers/STM32F4xx_HAL_Driver/stm32f4xx_hal_tim_ex.o
                0x08002672                HAL_TIMEx_BreakCallback
 .text.USB_EnableGlobalInt
                0x08002674        0xc Drivers/STM32F4xx_HAL_Driver/stm32f4xx_ll_usb.o
                0x08002674                USB_EnableGlobalInt
 .text.USB_DisableGlobalInt
                0x08002680        0xc Drivers/STM32F4xx_HAL_Driver/stm32f4xx_ll_usb.o
                0x08002680                USB_DisableGlobalInt
 .text.USB_FlushTxFifo
                0x0800268c       0x24 Drivers/STM32F4xx_HAL_Driver/stm32f4xx_ll_usb.o
                0x0800268c                USB_FlushTxFifo
 .text.USB_FlushRxFifo
                0x080026b0       0x20 Drivers/STM32F4xx_HAL_Driver/stm32f4xx_ll_usb.o
                0x080026b0                USB_FlushRxFifo
 .text.USB_ReadPacket
                0x080026d0       0x1c Drivers/STM32F4xx_HAL_Driver/stm32f4xx_ll_usb.o
                0x080026d0                USB_ReadPacket
 .text.USB_ReadInterrupts
                0x080026ec        0x8 Drivers/STM32F4xx_HAL_Driver/stm32f4xx_ll_usb.o
                0x080026ec                USB_ReadInterrupts
 .text.USB_GetMode
                0x080026f4        0x8 Drivers/STM32F4xx_HAL_Driver/stm32f4xx_ll_usb.o
                0x080026f4                USB_GetMode
 .text.USB_InitFSLSPClkSel
                0x080026fc       0x3a Drivers/STM32F4xx_HAL_Driver/stm32f4xx_ll_usb.o
                0x080026fc                USB_InitFSLSPClkSel
 .text.USB_DriveVbus
                0x08002736       0x3c Drivers/STM32F4xx_HAL_Driver/stm32f4xx_ll_usb.o
                0x08002736                USB_DriveVbus
 .text.USB_HC_ReadInterrupt
                0x08002772       0x1e Drivers/STM32F4xx_HAL_Driver/stm32f4xx_ll_usb.o
                0x08002772                USB_HC_ReadInterrupt
 .text.USB_HC_Halt
                0x08002790      0x1c6 Drivers/STM32F4xx_HAL_Driver/stm32f4xx_ll_usb.o
                0x08002790                USB_HC_Halt
 .text.USB_StopHost
                0x08002956      0x102 Drivers/STM32F4xx_HAL_Driver/stm32f4xx_ll_usb.o
                0x08002956                USB_StopHost
 .text.osMessagePut
                0x08002a58       0x54 Middlewares/FreeRTOS/cmsis_os.o
                0x08002a58                osMessagePut
 .text.osSystickHandler
                0x08002aac       0x14 Middlewares/FreeRTOS/cmsis_os.o
                0x08002aac                osSystickHandler
 .text.unlikely.prvInsertBlockIntoFreeList
                0x08002ac0       0x44 Middlewares/FreeRTOS/heap_4.o
 .text.pvPortMalloc
                0x08002b04      0x128 Middlewares/FreeRTOS/heap_4.o
                0x08002b04                pvPortMalloc
 .text.vPortFree
                0x08002c2c       0x70 Middlewares/FreeRTOS/heap_4.o
                0x08002c2c                vPortFree
 .text.vListInitialise
                0x08002c9c       0x16 Middlewares/FreeRTOS/list.o
                0x08002c9c                vListInitialise
 .text.vListInitialiseItem
                0x08002cb2        0x6 Middlewares/FreeRTOS/list.o
                0x08002cb2                vListInitialiseItem
 .text.vListInsertEnd
                0x08002cb8       0x18 Middlewares/FreeRTOS/list.o
                0x08002cb8                vListInsertEnd
 .text.vListInsert
                0x08002cd0       0x30 Middlewares/FreeRTOS/list.o
                0x08002cd0                vListInsert
 .text.uxListRemove
                0x08002d00       0x20 Middlewares/FreeRTOS/list.o
                0x08002d00                uxListRemove
 .text.prvTaskExitError
                0x08002d20       0x30 Middlewares/FreeRTOS/port.o
 .text.prvPortStartFirstTask
                0x08002d50       0x20 Middlewares/FreeRTOS/port.o
 .text.vPortEnableVFP
                0x08002d70       0x14 Middlewares/FreeRTOS/port.o
 .text.pxPortInitialiseStack
                0x08002d84       0x24 Middlewares/FreeRTOS/port.o
                0x08002d84                pxPortInitialiseStack
 .text.SVC_Handler
                0x08002da8       0x20 Middlewares/FreeRTOS/port.o
                0x08002da8                SVC_Handler
 .text.vPortEnterCritical
                0x08002dc8       0x44 Middlewares/FreeRTOS/port.o
                0x08002dc8                vPortEnterCritical
 .text.vPortExitCritical
                0x08002e0c       0x28 Middlewares/FreeRTOS/port.o
                0x08002e0c                vPortExitCritical
 .text.PendSV_Handler
                0x08002e34       0x60 Middlewares/FreeRTOS/port.o
                0x08002e34                PendSV_Handler
 .text.xPortSysTickHandler
                0x08002e94       0x30 Middlewares/FreeRTOS/port.o
                0x08002e94                xPortSysTickHandler
 .text.vPortSetupTimerInterrupt
                0x08002ec4       0x28 Middlewares/FreeRTOS/port.o
                0x08002ec4                vPortSetupTimerInterrupt
 .text.xPortStartScheduler
                0x08002eec       0xe4 Middlewares/FreeRTOS/port.o
                0x08002eec                xPortStartScheduler
 .text.vPortValidateInterruptPriority
                0x08002fd0       0x54 Middlewares/FreeRTOS/port.o
                0x08002fd0                vPortValidateInterruptPriority
 .text.unlikely.prvCopyDataToQueue
                0x08003024       0x6a Middlewares/FreeRTOS/queue.o
 .text.prvUnlockQueue
                0x0800308e       0x68 Middlewares/FreeRTOS/queue.o
 *fill*         0x080030f6        0x2 
 .text.xQueueGenericSend
                0x080030f8      0x164 Middlewares/FreeRTOS/queue.o
                0x080030f8                xQueueGenericSend
 .text.xQueueGenericSendFromISR
                0x0800325c       0xb8 Middlewares/FreeRTOS/queue.o
                0x0800325c                xQueueGenericSendFromISR
 .text.prvResetNextTaskUnblockTime
                0x08003314       0x20 Middlewares/FreeRTOS/tasks.o
 .text.prvAddCurrentTaskToDelayedList
                0x08003334       0x38 Middlewares/FreeRTOS/tasks.o
 .text.xTaskGenericCreate.part.5
                0x0800336c      0x1a0 Middlewares/FreeRTOS/tasks.o
 .text.vTaskSetTimeOutState.part.7
                0x0800350c       0x12 Middlewares/FreeRTOS/tasks.o
 .text.xTaskGenericCreate
                0x0800351e       0x3c Middlewares/FreeRTOS/tasks.o
                0x0800351e                xTaskGenericCreate
 *fill*         0x0800355a        0x2 
 .text.vTaskStartScheduler
                0x0800355c       0x68 Middlewares/FreeRTOS/tasks.o
                0x0800355c                vTaskStartScheduler
 .text.vTaskSuspendAll
                0x080035c4       0x14 Middlewares/FreeRTOS/tasks.o
                0x080035c4                vTaskSuspendAll
 .text.pcTaskGetTaskName
                0x080035d8       0x24 Middlewares/FreeRTOS/tasks.o
                0x080035d8                pcTaskGetTaskName
 .text.xTaskIncrementTick
                0x080035fc       0xf4 Middlewares/FreeRTOS/tasks.o
                0x080035fc                xTaskIncrementTick
 .text.xTaskResumeAll
                0x080036f0       0xe8 Middlewares/FreeRTOS/tasks.o
                0x080036f0                xTaskResumeAll
 .text.vTaskDelayUntil
                0x080037d8       0xb8 Middlewares/FreeRTOS/tasks.o
                0x080037d8                vTaskDelayUntil
 .text.prvIdleTask
                0x08003890       0x70 Middlewares/FreeRTOS/tasks.o
 .text.vTaskSwitchContext
                0x08003900       0x80 Middlewares/FreeRTOS/tasks.o
                0x08003900                vTaskSwitchContext
 .text.vTaskPlaceOnEventList
                0x08003980       0x68 Middlewares/FreeRTOS/tasks.o
                0x08003980                vTaskPlaceOnEventList
 .text.xTaskRemoveFromEventList
                0x080039e8       0x78 Middlewares/FreeRTOS/tasks.o
                0x080039e8                xTaskRemoveFromEventList
 .text.vTaskSetTimeOutState
                0x08003a60       0x1c Middlewares/FreeRTOS/tasks.o
                0x08003a60                vTaskSetTimeOutState
 .text.xTaskCheckForTimeOut
                0x08003a7c       0x70 Middlewares/FreeRTOS/tasks.o
                0x08003a7c                xTaskCheckForTimeOut
 .text.vTaskMissedYield
                0x08003aec       0x10 Middlewares/FreeRTOS/tasks.o
                0x08003aec                vTaskMissedYield
 .text.xTaskGetSchedulerState
                0x08003afc       0x20 Middlewares/FreeRTOS/tasks.o
                0x08003afc                xTaskGetSchedulerState
 .text.xTaskPriorityDisinherit
                0x08003b1c       0xa4 Middlewares/FreeRTOS/tasks.o
                0x08003b1c                xTaskPriorityDisinherit
 .text.USBH_LL_IncTimer
                0x08003bc0       0x1c Middlewares/USB_Host_Library/usbh_core.o
                0x08003bc0                USBH_LL_IncTimer
 .text.USBH_LL_Connect
                0x08003bdc       0x34 Middlewares/USB_Host_Library/usbh_core.o
                0x08003bdc                USBH_LL_Connect
 .text.USBH_LL_Disconnect
                0x08003c10       0x44 Middlewares/USB_Host_Library/usbh_core.o
                0x08003c10                USBH_LL_Disconnect
 .text.USBH_LL_NotifyURBChange
                0x08003c54       0x12 Middlewares/USB_Host_Library/usbh_core.o
                0x08003c54                USBH_LL_NotifyURBChange
 .text.USBH_FreePipe
                0x08003c66       0x18 Middlewares/USB_Host_Library/usbh_pipes.o
                0x08003c66                USBH_FreePipe
 *fill*         0x08003c7e        0x2 
 .text.__libc_init_array
                0x08003c80       0x4c /home/ale/.Ac6/SystemWorkbench/plugins/fr.ac6.mcu.externaltools.arm-none.linux64_1.7.0.201602291252/tools/compiler/bin/../lib/gcc/arm-none-eabi/5.2.1/../../../../arm-none-eabi/lib/armv7e-m/fpu/libc_nano.a(lib_a-init.o)
                0x08003c80                __libc_init_array
 .text.memcpy   0x08003ccc       0x16 /home/ale/.Ac6/SystemWorkbench/plugins/fr.ac6.mcu.externaltools.arm-none.linux64_1.7.0.201602291252/tools/compiler/bin/../lib/gcc/arm-none-eabi/5.2.1/../../../../arm-none-eabi/lib/armv7e-m/fpu/libc_nano.a(lib_a-memcpy-stub.o)
                0x08003ccc                memcpy
 .text.memset   0x08003ce2       0x10 /home/ale/.Ac6/SystemWorkbench/plugins/fr.ac6.mcu.externaltools.arm-none.linux64_1.7.0.201602291252/tools/compiler/bin/../lib/gcc/arm-none-eabi/5.2.1/../../../../arm-none-eabi/lib/armv7e-m/fpu/libc_nano.a(lib_a-memset.o)
                0x08003ce2                memset
 *(.glue_7)
 .glue_7        0x08003cf2        0x0 linker stubs
 *(.glue_7t)
 .glue_7t       0x08003cf2        0x0 linker stubs
 *(.eh_frame)
 *fill*         0x08003cf2        0x2 
 .eh_frame      0x08003cf4        0x0 /home/ale/.Ac6/SystemWorkbench/plugins/fr.ac6.mcu.externaltools.arm-none.linux64_1.7.0.201602291252/tools/compiler/bin/../lib/gcc/arm-none-eabi/5.2.1/armv7e-m/fpu/crtbegin.o
 *(.init)
 .init          0x08003cf4        0x4 /home/ale/.Ac6/SystemWorkbench/plugins/fr.ac6.mcu.externaltools.arm-none.linux64_1.7.0.201602291252/tools/compiler/bin/../lib/gcc/arm-none-eabi/5.2.1/armv7e-m/fpu/crti.o
                0x08003cf4                _init
 .init          0x08003cf8        0x8 /home/ale/.Ac6/SystemWorkbench/plugins/fr.ac6.mcu.externaltools.arm-none.linux64_1.7.0.201602291252/tools/compiler/bin/../lib/gcc/arm-none-eabi/5.2.1/armv7e-m/fpu/crtn.o
 *(.fini)
 .fini          0x08003d00        0x4 /home/ale/.Ac6/SystemWorkbench/plugins/fr.ac6.mcu.externaltools.arm-none.linux64_1.7.0.201602291252/tools/compiler/bin/../lib/gcc/arm-none-eabi/5.2.1/armv7e-m/fpu/crti.o
                0x08003d00                _fini
 .fini          0x08003d04        0x8 /home/ale/.Ac6/SystemWorkbench/plugins/fr.ac6.mcu.externaltools.arm-none.linux64_1.7.0.201602291252/tools/compiler/bin/../lib/gcc/arm-none-eabi/5.2.1/armv7e-m/fpu/crtn.o
                0x08003d0c                . = ALIGN (0x4)
                0x08003d0c                _etext = .

.vfp11_veneer   0x08003d0c        0x0
 .vfp11_veneer  0x08003d0c        0x0 linker stubs

.v4_bx          0x08003d0c        0x0
 .v4_bx         0x08003d0c        0x0 linker stubs

.iplt           0x08003d0c        0x0
 .iplt          0x08003d0c        0x0 /home/ale/.Ac6/SystemWorkbench/plugins/fr.ac6.mcu.externaltools.arm-none.linux64_1.7.0.201602291252/tools/compiler/bin/../lib/gcc/arm-none-eabi/5.2.1/armv7e-m/fpu/crtbegin.o

.rodata         0x08003d0c       0x18
                0x08003d0c                . = ALIGN (0x4)
 *(.rodata)
 .rodata        0x08003d0c       0x10 Drivers/STM32F4xx_HAL_Driver/stm32f4xx_hal_rcc.o
                0x08003d0c                APBAHBPrescTable
 *(.rodata*)
 .rodata.str1.1
                0x08003d1c        0x5 Middlewares/FreeRTOS/tasks.o
                0x08003d24                . = ALIGN (0x4)
 *fill*         0x08003d21        0x3 

.rel.dyn        0x08003d24        0x0
 .rel.iplt      0x08003d24        0x0 /home/ale/.Ac6/SystemWorkbench/plugins/fr.ac6.mcu.externaltools.arm-none.linux64_1.7.0.201602291252/tools/compiler/bin/../lib/gcc/arm-none-eabi/5.2.1/armv7e-m/fpu/crtbegin.o

.ARM.extab
 *(.ARM.extab* .gnu.linkonce.armextab.*)

.ARM            0x08003d24        0x0
                0x08003d24                __exidx_start = .
 *(.ARM.exidx*)
                0x08003d24                __exidx_end = .

.preinit_array  0x08003d24        0x0
                0x08003d24                PROVIDE (__preinit_array_start, .)
 *(.preinit_array*)
                0x08003d24                PROVIDE (__preinit_array_end, .)

.init_array     0x08003d24        0x4
                0x08003d24                PROVIDE (__init_array_start, .)
 *(SORT(.init_array.*))
 *(.init_array*)
 .init_array    0x08003d24        0x4 /home/ale/.Ac6/SystemWorkbench/plugins/fr.ac6.mcu.externaltools.arm-none.linux64_1.7.0.201602291252/tools/compiler/bin/../lib/gcc/arm-none-eabi/5.2.1/armv7e-m/fpu/crtbegin.o
                0x08003d28                PROVIDE (__init_array_end, .)

.fini_array     0x08003d28        0x4
                [!provide]                PROVIDE (__fini_array_start, .)
 *(SORT(.fini_array.*))
 *(.fini_array*)
 .fini_array    0x08003d28        0x4 /home/ale/.Ac6/SystemWorkbench/plugins/fr.ac6.mcu.externaltools.arm-none.linux64_1.7.0.201602291252/tools/compiler/bin/../lib/gcc/arm-none-eabi/5.2.1/armv7e-m/fpu/crtbegin.o
                [!provide]                PROVIDE (__fini_array_end, .)
                0x08003d2c                _sidata = LOADADDR (.data)

.data           0x20000000        0x8 load address 0x08003d2c
                0x20000000                . = ALIGN (0x4)
                0x20000000                _sdata = .
 *(.data)
 .data          0x20000000        0x4 Drivers/CMSIS/system_stm32f4xx.o
                0x20000000                SystemCoreClock
 .data          0x20000004        0x4 Middlewares/FreeRTOS/port.o
 *(.data*)
                0x20000008                . = ALIGN (0x4)
                0x20000008                _edata = .
                0x08003d34                _siccmram = LOADADDR (.ccmram)

.jcr            0x20000008        0x0 load address 0x08003d34
 .jcr           0x20000008        0x0 /home/ale/.Ac6/SystemWorkbench/plugins/fr.ac6.mcu.externaltools.arm-none.linux64_1.7.0.201602291252/tools/compiler/bin/../lib/gcc/arm-none-eabi/5.2.1/armv7e-m/fpu/crtbegin.o

.tm_clone_table
                0x20000008        0x0 load address 0x08003d34
 .tm_clone_table
                0x20000008        0x0 /home/ale/.Ac6/SystemWorkbench/plugins/fr.ac6.mcu.externaltools.arm-none.linux64_1.7.0.201602291252/tools/compiler/bin/../lib/gcc/arm-none-eabi/5.2.1/armv7e-m/fpu/crtbegin.o
 .tm_clone_table
                0x20000008        0x0 /home/ale/.Ac6/SystemWorkbench/plugins/fr.ac6.mcu.externaltools.arm-none.linux64_1.7.0.201602291252/tools/compiler/bin/../lib/gcc/arm-none-eabi/5.2.1/armv7e-m/fpu/crtend.o

.igot.plt       0x20000008        0x0 load address 0x08003d34
 .igot.plt      0x20000008        0x0 /home/ale/.Ac6/SystemWorkbench/plugins/fr.ac6.mcu.externaltools.arm-none.linux64_1.7.0.201602291252/tools/compiler/bin/../lib/gcc/arm-none-eabi/5.2.1/armv7e-m/fpu/crtbegin.o

.ccmram         0x10000000        0x0 load address 0x08003d34
                0x10000000                . = ALIGN (0x4)
                0x10000000                _sccmram = .
 *(.ccmram)
 *(.ccmram*)
                0x10000000                . = ALIGN (0x4)
                0x10000000                _eccmram = .
                0x10000000                . = ALIGN (0x4)

.bss            0x20000008     0x41ac
                0x20000008                _sbss = .
                0x20000008                __bss_start__ = _sbss
 *(.bss)
 .bss           0x20000008       0x1c /home/ale/.Ac6/SystemWorkbench/plugins/fr.ac6.mcu.externaltools.arm-none.linux64_1.7.0.201602291252/tools/compiler/bin/../lib/gcc/arm-none-eabi/5.2.1/armv7e-m/fpu/crtbegin.o
 .bss           0x20000024       0x40 Application/User/main.o
 .bss           0x20000064     0x3c18 Middlewares/FreeRTOS/heap_4.o
 .bss           0x20003c7c        0x8 Middlewares/FreeRTOS/port.o
 .bss           0x20003c84      0x128 Middlewares/FreeRTOS/tasks.o
                0x20003c8c                pxCurrentTCB
 *(.bss*)
 *(COMMON)
 COMMON         0x20003dac      0x130 Application/User/main.o
                0x20003dac                hi2c1
                0x20003e00                hspi1
                0x20003e58                hcan1
                0x20003e98                hi2s3
 COMMON         0x20003edc       0x3c Application/User/stm32f4xx_hal_timebase_TIM.o
                0x20003edc                htim4
 COMMON         0x20003f18      0x298 Application/User/usbh_conf.o
                0x20003f18                hhcd_USB_OTG_FS
 COMMON         0x200041b0        0x4 Drivers/STM32F4xx_HAL_Driver/stm32f4xx_hal.o
                0x200041b0                uwTick
                0x200041b4                . = ALIGN (0x4)
                0x200041b4                _ebss = .
                0x200041b4                __bss_end__ = _ebss

._user_heap_stack
                0x200041b4      0x604
                0x200041b8                . = ALIGN (0x8)
 *fill*         0x200041b4        0x4 
                0x200041b8                PROVIDE (end, .)
                [!provide]                PROVIDE (_end, .)
                0x200043b8                . = (. + _Min_Heap_Size)
 *fill*         0x200041b8      0x200 
                0x200047b8                . = (. + _Min_Stack_Size)
 *fill*         0x200043b8      0x400 
                0x200047b8                . = ALIGN (0x8)

/DISCARD/
 libc.a(*)
 libm.a(*)
 libgcc.a(*)

.ARM.attributes
                0x00000000       0x30
 *(.ARM.attributes)
 .ARM.attributes
                0x00000000       0x22 /home/ale/.Ac6/SystemWorkbench/plugins/fr.ac6.mcu.externaltools.arm-none.linux64_1.7.0.201602291252/tools/compiler/bin/../lib/gcc/arm-none-eabi/5.2.1/armv7e-m/fpu/crti.o
 .ARM.attributes
                0x00000022       0x34 /home/ale/.Ac6/SystemWorkbench/plugins/fr.ac6.mcu.externaltools.arm-none.linux64_1.7.0.201602291252/tools/compiler/bin/../lib/gcc/arm-none-eabi/5.2.1/armv7e-m/fpu/crtbegin.o
 .ARM.attributes
                0x00000056       0x21 Application/SW4STM32/startup_stm32f407xx.o
 .ARM.attributes
                0x00000077       0x39 Application/User/freertos.o
 .ARM.attributes
                0x000000b0       0x39 Application/User/main.o
 .ARM.attributes
                0x000000e9       0x39 Application/User/stm32f4xx_hal_msp.o
 .ARM.attributes
                0x00000122       0x39 Application/User/stm32f4xx_hal_timebase_TIM.o
 .ARM.attributes
                0x0000015b       0x39 Application/User/stm32f4xx_it.o
 .ARM.attributes
                0x00000194       0x39 Application/User/usbh_conf.o
 .ARM.attributes
                0x000001cd       0x39 Drivers/CMSIS/system_stm32f4xx.o
 .ARM.attributes
                0x00000206       0x39 Drivers/STM32F4xx_HAL_Driver/stm32f4xx_hal.o
 .ARM.attributes
                0x0000023f       0x39 Drivers/STM32F4xx_HAL_Driver/stm32f4xx_hal_can.o
 .ARM.attributes
                0x00000278       0x39 Drivers/STM32F4xx_HAL_Driver/stm32f4xx_hal_cortex.o
 .ARM.attributes
                0x000002b1       0x39 Drivers/STM32F4xx_HAL_Driver/stm32f4xx_hal_gpio.o
 .ARM.attributes
                0x000002ea       0x39 Drivers/STM32F4xx_HAL_Driver/stm32f4xx_hal_hcd.o
 .ARM.attributes
                0x00000323       0x39 Drivers/STM32F4xx_HAL_Driver/stm32f4xx_hal_i2c.o
 .ARM.attributes
                0x0000035c       0x39 Drivers/STM32F4xx_HAL_Driver/stm32f4xx_hal_i2s_ex.o
 .ARM.attributes
                0x00000395       0x39 Drivers/STM32F4xx_HAL_Driver/stm32f4xx_hal_rcc.o
 .ARM.attributes
                0x000003ce       0x39 Drivers/STM32F4xx_HAL_Driver/stm32f4xx_hal_rcc_ex.o
 .ARM.attributes
                0x00000407       0x39 Drivers/STM32F4xx_HAL_Driver/stm32f4xx_hal_spi.o
 .ARM.attributes
                0x00000440       0x39 Drivers/STM32F4xx_HAL_Driver/stm32f4xx_hal_tim.o
 .ARM.attributes
                0x00000479       0x39 Drivers/STM32F4xx_HAL_Driver/stm32f4xx_hal_tim_ex.o
 .ARM.attributes
                0x000004b2       0x39 Drivers/STM32F4xx_HAL_Driver/stm32f4xx_ll_usb.o
 .ARM.attributes
                0x000004eb       0x39 Middlewares/FreeRTOS/cmsis_os.o
 .ARM.attributes
                0x00000524       0x39 Middlewares/FreeRTOS/heap_4.o
 .ARM.attributes
                0x0000055d       0x39 Middlewares/FreeRTOS/list.o
 .ARM.attributes
                0x00000596       0x39 Middlewares/FreeRTOS/port.o
 .ARM.attributes
                0x000005cf       0x39 Middlewares/FreeRTOS/queue.o
 .ARM.attributes
                0x00000608       0x39 Middlewares/FreeRTOS/tasks.o
 .ARM.attributes
                0x00000641       0x39 Middlewares/USB_Host_Library/usbh_core.o
 .ARM.attributes
                0x0000067a       0x39 Middlewares/USB_Host_Library/usbh_pipes.o
 .ARM.attributes
                0x000006b3       0x34 /home/ale/.Ac6/SystemWorkbench/plugins/fr.ac6.mcu.externaltools.arm-none.linux64_1.7.0.201602291252/tools/compiler/bin/../lib/gcc/arm-none-eabi/5.2.1/../../../../arm-none-eabi/lib/armv7e-m/fpu/libc_nano.a(lib_a-init.o)
 .ARM.attributes
                0x000006e7       0x34 /home/ale/.Ac6/SystemWorkbench/plugins/fr.ac6.mcu.externaltools.arm-none.linux64_1.7.0.201602291252/tools/compiler/bin/../lib/gcc/arm-none-eabi/5.2.1/../../../../arm-none-eabi/lib/armv7e-m/fpu/libc_nano.a(lib_a-memcpy-stub.o)
 .ARM.attributes
                0x0000071b       0x34 /home/ale/.Ac6/SystemWorkbench/plugins/fr.ac6.mcu.externaltools.arm-none.linux64_1.7.0.201602291252/tools/compiler/bin/../lib/gcc/arm-none-eabi/5.2.1/../../../../arm-none-eabi/lib/armv7e-m/fpu/libc_nano.a(lib_a-memset.o)
 .ARM.attributes
                0x0000074f       0x34 /home/ale/.Ac6/SystemWorkbench/plugins/fr.ac6.mcu.externaltools.arm-none.linux64_1.7.0.201602291252/tools/compiler/bin/../lib/gcc/arm-none-eabi/5.2.1/armv7e-m/fpu/crtend.o
 .ARM.attributes
                0x00000783       0x22 /home/ale/.Ac6/SystemWorkbench/plugins/fr.ac6.mcu.externaltools.arm-none.linux64_1.7.0.201602291252/tools/compiler/bin/../lib/gcc/arm-none-eabi/5.2.1/armv7e-m/fpu/crtn.o
OUTPUT(PFSDTR-F4.elf elf32-littlearm)

.debug_line     0x00000000    0x14f9c
 .debug_line    0x00000000       0xde Application/SW4STM32/startup_stm32f407xx.o
 .debug_line    0x000000de      0x4c4 Application/User/freertos.o
 .debug_line    0x000005a2      0xb73 Application/User/main.o
 .debug_line    0x00001115      0x9b3 Application/User/stm32f4xx_hal_msp.o
 .debug_line    0x00001ac8      0x8db Application/User/stm32f4xx_hal_timebase_TIM.o
 .debug_line    0x000023a3      0xae1 Application/User/stm32f4xx_it.o
 .debug_line    0x00002e84      0xd58 Application/User/usbh_conf.o
 .debug_line    0x00003bdc      0x8f6 Drivers/CMSIS/system_stm32f4xx.o
 .debug_line    0x000044d2      0xa26 Drivers/STM32F4xx_HAL_Driver/stm32f4xx_hal.o
 .debug_line    0x00004ef8      0xcaf Drivers/STM32F4xx_HAL_Driver/stm32f4xx_hal_can.o
 .debug_line    0x00005ba7      0xa9a Drivers/STM32F4xx_HAL_Driver/stm32f4xx_hal_cortex.o
 .debug_line    0x00006641      0xa6c Drivers/STM32F4xx_HAL_Driver/stm32f4xx_hal_gpio.o
 .debug_line    0x000070ad      0xbf3 Drivers/STM32F4xx_HAL_Driver/stm32f4xx_hal_hcd.o
 .debug_line    0x00007ca0     0x1d67 Drivers/STM32F4xx_HAL_Driver/stm32f4xx_hal_i2c.o
 .debug_line    0x00009a07      0xce5 Drivers/STM32F4xx_HAL_Driver/stm32f4xx_hal_i2s_ex.o
 .debug_line    0x0000a6ec      0xba7 Drivers/STM32F4xx_HAL_Driver/stm32f4xx_hal_rcc.o
 .debug_line    0x0000b293      0x96f Drivers/STM32F4xx_HAL_Driver/stm32f4xx_hal_rcc_ex.o
 .debug_line    0x0000bc02     0x1060 Drivers/STM32F4xx_HAL_Driver/stm32f4xx_hal_spi.o
 .debug_line    0x0000cc62     0x16f9 Drivers/STM32F4xx_HAL_Driver/stm32f4xx_hal_tim.o
 .debug_line    0x0000e35b      0xc92 Drivers/STM32F4xx_HAL_Driver/stm32f4xx_hal_tim_ex.o
 .debug_line    0x0000efed      0xe93 Drivers/STM32F4xx_HAL_Driver/stm32f4xx_ll_usb.o
 .debug_line    0x0000fe80      0xb69 Middlewares/FreeRTOS/cmsis_os.o
 .debug_line    0x000109e9      0x689 Middlewares/FreeRTOS/heap_4.o
 .debug_line    0x00011072      0x5ce Middlewares/FreeRTOS/list.o
 .debug_line    0x00011640      0x5e8 Middlewares/FreeRTOS/port.o
 .debug_line    0x00011c28      0xa5e Middlewares/FreeRTOS/queue.o
 .debug_line    0x00012686      0xefe Middlewares/FreeRTOS/tasks.o
 .debug_line    0x00013584      0xe0b Middlewares/USB_Host_Library/usbh_core.o
 .debug_line    0x0001438f      0xc0d Middlewares/USB_Host_Library/usbh_pipes.o

.debug_info     0x00000000    0x1f21f
 .debug_info    0x00000000       0xf1 Application/SW4STM32/startup_stm32f407xx.o
 .debug_info    0x000000f1       0xd5 Application/User/freertos.o
 .debug_info    0x000001c6     0x2035 Application/User/main.o
 .debug_info    0x000021fb     0x1819 Application/User/stm32f4xx_hal_msp.o
 .debug_info    0x00003a14      0xb4a Application/User/stm32f4xx_hal_timebase_TIM.o
 .debug_info    0x0000455e      0xf4e Application/User/stm32f4xx_it.o
 .debug_info    0x000054ac     0x1a8b Application/User/usbh_conf.o
 .debug_info    0x00006f37      0x4b0 Drivers/CMSIS/system_stm32f4xx.o
 .debug_info    0x000073e7      0x8e0 Drivers/STM32F4xx_HAL_Driver/stm32f4xx_hal.o
 .debug_info    0x00007cc7      0xb48 Drivers/STM32F4xx_HAL_Driver/stm32f4xx_hal_can.o
 .debug_info    0x0000880f      0xe6a Drivers/STM32F4xx_HAL_Driver/stm32f4xx_hal_cortex.o
 .debug_info    0x00009679      0x721 Drivers/STM32F4xx_HAL_Driver/stm32f4xx_hal_gpio.o
 .debug_info    0x00009d9a     0x10cf Drivers/STM32F4xx_HAL_Driver/stm32f4xx_hal_hcd.o
 .debug_info    0x0000ae69     0x2e31 Drivers/STM32F4xx_HAL_Driver/stm32f4xx_hal_i2c.o
 .debug_info    0x0000dc9a      0xe73 Drivers/STM32F4xx_HAL_Driver/stm32f4xx_hal_i2s_ex.o
 .debug_info    0x0000eb0d      0xc82 Drivers/STM32F4xx_HAL_Driver/stm32f4xx_hal_rcc.o
 .debug_info    0x0000f78f      0x566 Drivers/STM32F4xx_HAL_Driver/stm32f4xx_hal_rcc_ex.o
 .debug_info    0x0000fcf5     0x183c Drivers/STM32F4xx_HAL_Driver/stm32f4xx_hal_spi.o
 .debug_info    0x00011531     0x2eaa Drivers/STM32F4xx_HAL_Driver/stm32f4xx_hal_tim.o
 .debug_info    0x000143db      0xf6f Drivers/STM32F4xx_HAL_Driver/stm32f4xx_hal_tim_ex.o
 .debug_info    0x0001534a     0x16ea Drivers/STM32F4xx_HAL_Driver/stm32f4xx_ll_usb.o
 .debug_info    0x00016a34     0x1b4e Middlewares/FreeRTOS/cmsis_os.o
 .debug_info    0x00018582      0x4b1 Middlewares/FreeRTOS/heap_4.o
 .debug_info    0x00018a33      0x2a1 Middlewares/FreeRTOS/list.o
 .debug_info    0x00018cd4      0x557 Middlewares/FreeRTOS/port.o
 .debug_info    0x0001922b     0x1674 Middlewares/FreeRTOS/queue.o
 .debug_info    0x0001a89f     0x2897 Middlewares/FreeRTOS/tasks.o
 .debug_info    0x0001d136     0x1619 Middlewares/USB_Host_Library/usbh_core.o
 .debug_info    0x0001e74f      0xad0 Middlewares/USB_Host_Library/usbh_pipes.o

.debug_abbrev   0x00000000     0x46da
 .debug_abbrev  0x00000000       0x12 Application/SW4STM32/startup_stm32f407xx.o
 .debug_abbrev  0x00000012       0x89 Application/User/freertos.o
 .debug_abbrev  0x0000009b      0x326 Application/User/main.o
 .debug_abbrev  0x000003c1      0x21a Application/User/stm32f4xx_hal_msp.o
 .debug_abbrev  0x000005db      0x1d2 Application/User/stm32f4xx_hal_timebase_TIM.o
 .debug_abbrev  0x000007ad      0x1bf Application/User/stm32f4xx_it.o
 .debug_abbrev  0x0000096c      0x349 Application/User/usbh_conf.o
 .debug_abbrev  0x00000cb5      0x104 Drivers/CMSIS/system_stm32f4xx.o
 .debug_abbrev  0x00000db9      0x247 Drivers/STM32F4xx_HAL_Driver/stm32f4xx_hal.o
 .debug_abbrev  0x00001000      0x29e Drivers/STM32F4xx_HAL_Driver/stm32f4xx_hal_can.o
 .debug_abbrev  0x0000129e      0x332 Drivers/STM32F4xx_HAL_Driver/stm32f4xx_hal_cortex.o
 .debug_abbrev  0x000015d0      0x1cb Drivers/STM32F4xx_HAL_Driver/stm32f4xx_hal_gpio.o
 .debug_abbrev  0x0000179b      0x316 Drivers/STM32F4xx_HAL_Driver/stm32f4xx_hal_hcd.o
 .debug_abbrev  0x00001ab1      0x339 Drivers/STM32F4xx_HAL_Driver/stm32f4xx_hal_i2c.o
 .debug_abbrev  0x00001dea      0x299 Drivers/STM32F4xx_HAL_Driver/stm32f4xx_hal_i2s_ex.o
 .debug_abbrev  0x00002083      0x321 Drivers/STM32F4xx_HAL_Driver/stm32f4xx_hal_rcc.o
 .debug_abbrev  0x000023a4      0x204 Drivers/STM32F4xx_HAL_Driver/stm32f4xx_hal_rcc_ex.o
 .debug_abbrev  0x000025a8      0x33a Drivers/STM32F4xx_HAL_Driver/stm32f4xx_hal_spi.o
 .debug_abbrev  0x000028e2      0x314 Drivers/STM32F4xx_HAL_Driver/stm32f4xx_hal_tim.o
 .debug_abbrev  0x00002bf6      0x273 Drivers/STM32F4xx_HAL_Driver/stm32f4xx_hal_tim_ex.o
 .debug_abbrev  0x00002e69      0x2e1 Drivers/STM32F4xx_HAL_Driver/stm32f4xx_ll_usb.o
 .debug_abbrev  0x0000314a      0x37c Middlewares/FreeRTOS/cmsis_os.o
 .debug_abbrev  0x000034c6      0x24d Middlewares/FreeRTOS/heap_4.o
 .debug_abbrev  0x00003713       0xdd Middlewares/FreeRTOS/list.o
 .debug_abbrev  0x000037f0      0x21c Middlewares/FreeRTOS/port.o
 .debug_abbrev  0x00003a0c      0x2d1 Middlewares/FreeRTOS/queue.o
 .debug_abbrev  0x00003cdd      0x393 Middlewares/FreeRTOS/tasks.o
 .debug_abbrev  0x00004070      0x409 Middlewares/USB_Host_Library/usbh_core.o
 .debug_abbrev  0x00004479      0x261 Middlewares/USB_Host_Library/usbh_pipes.o

.debug_aranges  0x00000000     0x13b8
 .debug_aranges
                0x00000000       0x28 Application/SW4STM32/startup_stm32f407xx.o
 .debug_aranges
                0x00000028       0x28 Application/User/freertos.o
 .debug_aranges
                0x00000050       0x48 Application/User/main.o
 .debug_aranges
                0x00000098       0x60 Application/User/stm32f4xx_hal_msp.o
 .debug_aranges
                0x000000f8       0x30 Application/User/stm32f4xx_hal_timebase_TIM.o
 .debug_aranges
                0x00000128       0x38 Application/User/stm32f4xx_it.o
 .debug_aranges
                0x00000160       0xc0 Application/User/usbh_conf.o
 .debug_aranges
                0x00000220       0x28 Drivers/CMSIS/system_stm32f4xx.o
 .debug_aranges
                0x00000248       0xb8 Drivers/STM32F4xx_HAL_Driver/stm32f4xx_hal.o
 .debug_aranges
                0x00000300       0x88 Drivers/STM32F4xx_HAL_Driver/stm32f4xx_hal_can.o
 .debug_aranges
                0x00000388       0x98 Drivers/STM32F4xx_HAL_Driver/stm32f4xx_hal_cortex.o
 .debug_aranges
                0x00000420       0x58 Drivers/STM32F4xx_HAL_Driver/stm32f4xx_hal_gpio.o
 .debug_aranges
                0x00000478       0xa0 Drivers/STM32F4xx_HAL_Driver/stm32f4xx_hal_hcd.o
 .debug_aranges
                0x00000518      0x190 Drivers/STM32F4xx_HAL_Driver/stm32f4xx_hal_i2c.o
 .debug_aranges
                0x000006a8       0x78 Drivers/STM32F4xx_HAL_Driver/stm32f4xx_hal_i2s_ex.o
 .debug_aranges
                0x00000720       0x80 Drivers/STM32F4xx_HAL_Driver/stm32f4xx_hal_rcc.o
 .debug_aranges
                0x000007a0       0x30 Drivers/STM32F4xx_HAL_Driver/stm32f4xx_hal_rcc_ex.o
 .debug_aranges
                0x000007d0      0x150 Drivers/STM32F4xx_HAL_Driver/stm32f4xx_hal_spi.o
 .debug_aranges
                0x00000920      0x250 Drivers/STM32F4xx_HAL_Driver/stm32f4xx_hal_tim.o
 .debug_aranges
                0x00000b70       0xf0 Drivers/STM32F4xx_HAL_Driver/stm32f4xx_hal_tim_ex.o
 .debug_aranges
                0x00000c60      0x180 Drivers/STM32F4xx_HAL_Driver/stm32f4xx_ll_usb.o
 .debug_aranges
                0x00000de0      0x180 Middlewares/FreeRTOS/cmsis_os.o
 .debug_aranges
                0x00000f60       0x48 Middlewares/FreeRTOS/heap_4.o
 .debug_aranges
                0x00000fa8       0x40 Middlewares/FreeRTOS/list.o
 .debug_aranges
                0x00000fe8       0x80 Middlewares/FreeRTOS/port.o
 .debug_aranges
                0x00001068       0xd0 Middlewares/FreeRTOS/queue.o
 .debug_aranges
                0x00001138      0x1a0 Middlewares/FreeRTOS/tasks.o
 .debug_aranges
                0x000012d8       0xa8 Middlewares/USB_Host_Library/usbh_core.o
 .debug_aranges
                0x00001380       0x38 Middlewares/USB_Host_Library/usbh_pipes.o

.debug_ranges   0x00000000     0x17c0
 .debug_ranges  0x00000000       0x20 Application/SW4STM32/startup_stm32f407xx.o
 .debug_ranges  0x00000020       0x18 Application/User/freertos.o
 .debug_ranges  0x00000038       0xa8 Application/User/main.o
 .debug_ranges  0x000000e0       0xb0 Application/User/stm32f4xx_hal_msp.o
 .debug_ranges  0x00000190       0x40 Application/User/stm32f4xx_hal_timebase_TIM.o
 .debug_ranges  0x000001d0       0x28 Application/User/stm32f4xx_it.o
 .debug_ranges  0x000001f8       0xc8 Application/User/usbh_conf.o
 .debug_ranges  0x000002c0       0x18 Drivers/CMSIS/system_stm32f4xx.o
 .debug_ranges  0x000002d8       0xa8 Drivers/STM32F4xx_HAL_Driver/stm32f4xx_hal.o
 .debug_ranges  0x00000380       0x78 Drivers/STM32F4xx_HAL_Driver/stm32f4xx_hal_can.o
 .debug_ranges  0x000003f8      0x148 Drivers/STM32F4xx_HAL_Driver/stm32f4xx_hal_cortex.o
 .debug_ranges  0x00000540       0x70 Drivers/STM32F4xx_HAL_Driver/stm32f4xx_hal_gpio.o
 .debug_ranges  0x000005b0       0xa8 Drivers/STM32F4xx_HAL_Driver/stm32f4xx_hal_hcd.o
 .debug_ranges  0x00000658      0x210 Drivers/STM32F4xx_HAL_Driver/stm32f4xx_hal_i2c.o
 .debug_ranges  0x00000868       0x68 Drivers/STM32F4xx_HAL_Driver/stm32f4xx_hal_i2s_ex.o
 .debug_ranges  0x000008d0      0x150 Drivers/STM32F4xx_HAL_Driver/stm32f4xx_hal_rcc.o
 .debug_ranges  0x00000a20       0x68 Drivers/STM32F4xx_HAL_Driver/stm32f4xx_hal_rcc_ex.o
 .debug_ranges  0x00000a88      0x170 Drivers/STM32F4xx_HAL_Driver/stm32f4xx_hal_spi.o
 .debug_ranges  0x00000bf8      0x330 Drivers/STM32F4xx_HAL_Driver/stm32f4xx_hal_tim.o
 .debug_ranges  0x00000f28       0xe0 Drivers/STM32F4xx_HAL_Driver/stm32f4xx_hal_tim_ex.o
 .debug_ranges  0x00001008      0x170 Drivers/STM32F4xx_HAL_Driver/stm32f4xx_ll_usb.o
 .debug_ranges  0x00001178      0x188 Middlewares/FreeRTOS/cmsis_os.o
 .debug_ranges  0x00001300       0x38 Middlewares/FreeRTOS/heap_4.o
 .debug_ranges  0x00001338       0x30 Middlewares/FreeRTOS/list.o
 .debug_ranges  0x00001368       0x70 Middlewares/FreeRTOS/port.o
 .debug_ranges  0x000013d8       0xc0 Middlewares/FreeRTOS/queue.o
 .debug_ranges  0x00001498      0x248 Middlewares/FreeRTOS/tasks.o
 .debug_ranges  0x000016e0       0x98 Middlewares/USB_Host_Library/usbh_core.o
 .debug_ranges  0x00001778       0x48 Middlewares/USB_Host_Library/usbh_pipes.o

.debug_macro    0x00000000    0x18bc3
 .debug_macro   0x00000000       0xd1 Application/User/freertos.o
 .debug_macro   0x000000d1      0x89e Application/User/freertos.o
 .debug_macro   0x0000096f      0x174 Application/User/freertos.o
 .debug_macro   0x00000ae3       0x22 Application/User/freertos.o
 .debug_macro   0x00000b05       0x44 Application/User/freertos.o
 .debug_macro   0x00000b49       0xfd Application/User/freertos.o
 .debug_macro   0x00000c46       0x22 Application/User/freertos.o
 .debug_macro   0x00000c68      0x1df Application/User/freertos.o
 .debug_macro   0x00000e47      0x14e Application/User/freertos.o
 .debug_macro   0x00000f95       0xd8 Application/User/freertos.o
 .debug_macro   0x0000106d      0x15d Application/User/freertos.o
 .debug_macro   0x000011ca       0xe4 Application/User/freertos.o
 .debug_macro   0x000012ae       0x10 Application/User/freertos.o
 .debug_macro   0x000012be       0x1f Application/User/freertos.o
 .debug_macro   0x000012dd      0x3df Application/User/freertos.o
 .debug_macro   0x000016bc       0xc0 Application/User/freertos.o
 .debug_macro   0x0000177c       0x9a Application/User/freertos.o
 .debug_macro   0x00001816      0x3d8 Application/User/main.o
 .debug_macro   0x00001bee      0x197 Application/User/main.o
 .debug_macro   0x00001d85       0x31 Application/User/main.o
 .debug_macro   0x00001db6       0x28 Application/User/main.o
 .debug_macro   0x00001dde       0x35 Application/User/main.o
 .debug_macro   0x00001e13       0x50 Application/User/main.o
 .debug_macro   0x00001e63      0xe66 Application/User/main.o
 .debug_macro   0x00002cc9     0x93f9 Application/User/main.o
 .debug_macro   0x0000c0c2       0x43 Application/User/main.o
 .debug_macro   0x0000c105     0x347f Application/User/main.o
 .debug_macro   0x0000f584       0x58 Application/User/main.o
 .debug_macro   0x0000f5dc       0x35 Application/User/main.o
 .debug_macro   0x0000f611       0x9c Application/User/main.o
 .debug_macro   0x0000f6ad       0x16 Application/User/main.o
 .debug_macro   0x0000f6c3       0x97 Application/User/main.o
 .debug_macro   0x0000f75a      0x329 Application/User/main.o
 .debug_macro   0x0000fa83       0xfd Application/User/main.o
 .debug_macro   0x0000fb80       0x10 Application/User/main.o
 .debug_macro   0x0000fb90       0x52 Application/User/main.o
 .debug_macro   0x0000fbe2       0x16 Application/User/main.o
 .debug_macro   0x0000fbf8       0x43 Application/User/main.o
 .debug_macro   0x0000fc3b      0x187 Application/User/main.o
 .debug_macro   0x0000fdc2       0x10 Application/User/main.o
 .debug_macro   0x0000fdd2       0x22 Application/User/main.o
 .debug_macro   0x0000fdf4       0x3a Application/User/main.o
 .debug_macro   0x0000fe2e       0x10 Application/User/main.o
 .debug_macro   0x0000fe3e       0x40 Application/User/main.o
 .debug_macro   0x0000fe7e       0x65 Application/User/main.o
 .debug_macro   0x0000fee3       0x16 Application/User/main.o
 .debug_macro   0x0000fef9      0x197 Application/User/main.o
 .debug_macro   0x00010090       0x50 Application/User/main.o
 .debug_macro   0x000100e0      0x964 Application/User/main.o
 .debug_macro   0x00010a44      0x9e1 Application/User/main.o
 .debug_macro   0x00011425      0x11e Application/User/main.o
 .debug_macro   0x00011543      0x13e Application/User/main.o
 .debug_macro   0x00011681       0x27 Application/User/main.o
 .debug_macro   0x000116a8      0x287 Application/User/main.o
 .debug_macro   0x0001192f       0x5f Application/User/main.o
 .debug_macro   0x0001198e      0x23a Application/User/main.o
 .debug_macro   0x00011bc8      0x36e Application/User/main.o
 .debug_macro   0x00011f36      0x13a Application/User/main.o
 .debug_macro   0x00012070      0x21e Application/User/main.o
 .debug_macro   0x0001228e       0x2e Application/User/main.o
 .debug_macro   0x000122bc      0x1a7 Application/User/main.o
 .debug_macro   0x00012463       0xa5 Application/User/main.o
 .debug_macro   0x00012508      0x18b Application/User/main.o
 .debug_macro   0x00012693       0x24 Application/User/main.o
 .debug_macro   0x000126b7       0x35 Application/User/main.o
 .debug_macro   0x000126ec      0x11e Application/User/main.o
 .debug_macro   0x0001280a       0x7f Application/User/main.o
 .debug_macro   0x00012889       0x89 Application/User/main.o
 .debug_macro   0x00012912      0x202 Application/User/main.o
 .debug_macro   0x00012b14      0x6d9 Application/User/main.o
 .debug_macro   0x000131ed       0x5b Application/User/main.o
 .debug_macro   0x00013248      0x14d Application/User/main.o
 .debug_macro   0x00013395      0x1df Application/User/main.o
 .debug_macro   0x00013574       0x68 Application/User/main.o
 .debug_macro   0x000135dc      0x125 Application/User/main.o
 .debug_macro   0x00013701       0xde Application/User/main.o
 .debug_macro   0x000137df       0xb0 Application/User/main.o
 .debug_macro   0x0001388f      0x334 Application/User/stm32f4xx_hal_msp.o
 .debug_macro   0x00013bc3      0x334 Application/User/stm32f4xx_hal_timebase_TIM.o
 .debug_macro   0x00013ef7      0x401 Application/User/stm32f4xx_it.o
 .debug_macro   0x000142f8       0x16 Application/User/stm32f4xx_it.o
 .debug_macro   0x0001430e       0x91 Application/User/stm32f4xx_it.o
 .debug_macro   0x0001439f       0x7f Application/User/stm32f4xx_it.o
 .debug_macro   0x0001441e       0xcf Application/User/stm32f4xx_it.o
 .debug_macro   0x000144ed      0x49c Application/User/usbh_conf.o
 .debug_macro   0x00014989       0x4a Application/User/usbh_conf.o
 .debug_macro   0x000149d3      0x33a Drivers/CMSIS/system_stm32f4xx.o
 .debug_macro   0x00014d0d      0x382 Drivers/STM32F4xx_HAL_Driver/stm32f4xx_hal.o
 .debug_macro   0x0001508f      0x33a Drivers/STM32F4xx_HAL_Driver/stm32f4xx_hal_can.o
 .debug_macro   0x000153c9      0x334 Drivers/STM32F4xx_HAL_Driver/stm32f4xx_hal_cortex.o
 .debug_macro   0x000156fd      0x36c Drivers/STM32F4xx_HAL_Driver/stm32f4xx_hal_gpio.o
 .debug_macro   0x00015a69      0x334 Drivers/STM32F4xx_HAL_Driver/stm32f4xx_hal_hcd.o
 .debug_macro   0x00015d9d      0x374 Drivers/STM32F4xx_HAL_Driver/stm32f4xx_hal_i2c.o
 .debug_macro   0x00016111      0x334 Drivers/STM32F4xx_HAL_Driver/stm32f4xx_hal_i2s_ex.o
 .debug_macro   0x00016445      0x35e Drivers/STM32F4xx_HAL_Driver/stm32f4xx_hal_rcc.o
 .debug_macro   0x000167a3      0x334 Drivers/STM32F4xx_HAL_Driver/stm32f4xx_hal_rcc_ex.o
 .debug_macro   0x00016ad7      0x33c Drivers/STM32F4xx_HAL_Driver/stm32f4xx_hal_spi.o
 .debug_macro   0x00016e13      0x335 Drivers/STM32F4xx_HAL_Driver/stm32f4xx_hal_tim.o
 .debug_macro   0x00017148      0x334 Drivers/STM32F4xx_HAL_Driver/stm32f4xx_hal_tim_ex.o
 .debug_macro   0x0001747c      0x342 Drivers/STM32F4xx_HAL_Driver/stm32f4xx_ll_usb.o
 .debug_macro   0x000177be      0x1d7 Middlewares/FreeRTOS/cmsis_os.o
 .debug_macro   0x00017995       0x10 Middlewares/FreeRTOS/cmsis_os.o
 .debug_macro   0x000179a5       0x26 Middlewares/FreeRTOS/cmsis_os.o
 .debug_macro   0x000179cb      0x19d Middlewares/FreeRTOS/heap_4.o
 .debug_macro   0x00017b68      0x176 Middlewares/FreeRTOS/list.o
 .debug_macro   0x00017cde      0x197 Middlewares/FreeRTOS/port.o
 .debug_macro   0x00017e75      0x1e8 Middlewares/FreeRTOS/queue.o
 .debug_macro   0x0001805d      0x224 Middlewares/FreeRTOS/tasks.o
 .debug_macro   0x00018281       0x10 Middlewares/FreeRTOS/tasks.o
 .debug_macro   0x00018291      0x4a0 Middlewares/USB_Host_Library/usbh_core.o
 .debug_macro   0x00018731      0x492 Middlewares/USB_Host_Library/usbh_pipes.o

.debug_str      0x00000000    0x80683
 .debug_str     0x00000000     0x6ef3 Application/User/freertos.o
                               0x70e7 (size before relaxing)
 .debug_str     0x00006ef3    0x6f9a9 Application/User/main.o
                              0x76be7 (size before relaxing)
 .debug_str     0x0007689c      0x147 Application/User/stm32f4xx_hal_msp.o
                              0x7252e (size before relaxing)
 .debug_str     0x000769e3      0x128 Application/User/stm32f4xx_hal_timebase_TIM.o
                              0x71f60 (size before relaxing)
 .debug_str     0x00076b0b     0x197e Application/User/stm32f4xx_it.o
                              0x77431 (size before relaxing)
 .debug_str     0x00078489     0x1d65 Application/User/usbh_conf.o
                              0x79227 (size before relaxing)
 .debug_str     0x0007a1ee      0x12e Drivers/CMSIS/system_stm32f4xx.o
                              0x715c9 (size before relaxing)
 .debug_str     0x0007a31c      0x45f Drivers/STM32F4xx_HAL_Driver/stm32f4xx_hal.o
                              0x71f90 (size before relaxing)
 .debug_str     0x0007a77b      0x132 Drivers/STM32F4xx_HAL_Driver/stm32f4xx_hal_can.o
                              0x71905 (size before relaxing)
 .debug_str     0x0007a8ad      0x323 Drivers/STM32F4xx_HAL_Driver/stm32f4xx_hal_cortex.o
                              0x71dfb (size before relaxing)
 .debug_str     0x0007abd0      0x259 Drivers/STM32F4xx_HAL_Driver/stm32f4xx_hal_gpio.o
                              0x71820 (size before relaxing)
 .debug_str     0x0007ae29      0x31d Drivers/STM32F4xx_HAL_Driver/stm32f4xx_hal_hcd.o
                              0x71c77 (size before relaxing)
 .debug_str     0x0007b146      0x98f Drivers/STM32F4xx_HAL_Driver/stm32f4xx_hal_i2c.o
                              0x722f5 (size before relaxing)
 .debug_str     0x0007bad5      0x21f Drivers/STM32F4xx_HAL_Driver/stm32f4xx_hal_i2s_ex.o
                              0x71b67 (size before relaxing)
 .debug_str     0x0007bcf4      0x218 Drivers/STM32F4xx_HAL_Driver/stm32f4xx_hal_rcc.o
                              0x719af (size before relaxing)
 .debug_str     0x0007bf0c       0xad Drivers/STM32F4xx_HAL_Driver/stm32f4xx_hal_rcc_ex.o
                              0x71663 (size before relaxing)
 .debug_str     0x0007bfb9      0x3c1 Drivers/STM32F4xx_HAL_Driver/stm32f4xx_hal_spi.o
                              0x71c62 (size before relaxing)
 .debug_str     0x0007c37a      0xa71 Drivers/STM32F4xx_HAL_Driver/stm32f4xx_hal_tim.o
                              0x7232e (size before relaxing)
 .debug_str     0x0007cdeb      0x449 Drivers/STM32F4xx_HAL_Driver/stm32f4xx_hal_tim_ex.o
                              0x71d7d (size before relaxing)
 .debug_str     0x0007d234      0x4a4 Drivers/STM32F4xx_HAL_Driver/stm32f4xx_ll_usb.o
                              0x71dd2 (size before relaxing)
 .debug_str     0x0007d6d8      0x9d7 Middlewares/FreeRTOS/cmsis_os.o
                               0xc2af (size before relaxing)
 .debug_str     0x0007e0af      0x2d9 Middlewares/FreeRTOS/heap_4.o
                               0x9b34 (size before relaxing)
 .debug_str     0x0007e388      0x16d Middlewares/FreeRTOS/list.o
                               0x9225 (size before relaxing)
 .debug_str     0x0007e4f5      0x808 Middlewares/FreeRTOS/port.o
                               0x7983 (size before relaxing)
 .debug_str     0x0007ecfd      0x6d7 Middlewares/FreeRTOS/queue.o
                               0xabfd (size before relaxing)
 .debug_str     0x0007f3d4      0xf2c Middlewares/FreeRTOS/tasks.o
                               0xb533 (size before relaxing)
 .debug_str     0x00080300      0x2ec Middlewares/USB_Host_Library/usbh_core.o
                              0x7899a (size before relaxing)
 .debug_str     0x000805ec       0x97 Middlewares/USB_Host_Library/usbh_pipes.o
                              0x783f9 (size before relaxing)

.comment        0x00000000       0x6e
 .comment       0x00000000       0x6e Application/User/freertos.o
                                 0x6f (size before relaxing)
 .comment       0x0000006e       0x6f Application/User/main.o
 .comment       0x0000006e       0x6f Application/User/stm32f4xx_hal_msp.o
 .comment       0x0000006e       0x6f Application/User/stm32f4xx_hal_timebase_TIM.o
 .comment       0x0000006e       0x6f Application/User/stm32f4xx_it.o
 .comment       0x0000006e       0x6f Application/User/usbh_conf.o
 .comment       0x0000006e       0x6f Drivers/CMSIS/system_stm32f4xx.o
 .comment       0x0000006e       0x6f Drivers/STM32F4xx_HAL_Driver/stm32f4xx_hal.o
 .comment       0x0000006e       0x6f Drivers/STM32F4xx_HAL_Driver/stm32f4xx_hal_can.o
 .comment       0x0000006e       0x6f Drivers/STM32F4xx_HAL_Driver/stm32f4xx_hal_cortex.o
 .comment       0x0000006e       0x6f Drivers/STM32F4xx_HAL_Driver/stm32f4xx_hal_gpio.o
 .comment       0x0000006e       0x6f Drivers/STM32F4xx_HAL_Driver/stm32f4xx_hal_hcd.o
 .comment       0x0000006e       0x6f Drivers/STM32F4xx_HAL_Driver/stm32f4xx_hal_i2c.o
 .comment       0x0000006e       0x6f Drivers/STM32F4xx_HAL_Driver/stm32f4xx_hal_i2s_ex.o
 .comment       0x0000006e       0x6f Drivers/STM32F4xx_HAL_Driver/stm32f4xx_hal_rcc.o
 .comment       0x0000006e       0x6f Drivers/STM32F4xx_HAL_Driver/stm32f4xx_hal_rcc_ex.o
 .comment       0x0000006e       0x6f Drivers/STM32F4xx_HAL_Driver/stm32f4xx_hal_spi.o
 .comment       0x0000006e       0x6f Drivers/STM32F4xx_HAL_Driver/stm32f4xx_hal_tim.o
 .comment       0x0000006e       0x6f Drivers/STM32F4xx_HAL_Driver/stm32f4xx_hal_tim_ex.o
 .comment       0x0000006e       0x6f Drivers/STM32F4xx_HAL_Driver/stm32f4xx_ll_usb.o
 .comment       0x0000006e       0x6f Middlewares/FreeRTOS/cmsis_os.o
 .comment       0x0000006e       0x6f Middlewares/FreeRTOS/heap_4.o
 .comment       0x0000006e       0x6f Middlewares/FreeRTOS/list.o
 .comment       0x0000006e       0x6f Middlewares/FreeRTOS/port.o
 .comment       0x0000006e       0x6f Middlewares/FreeRTOS/queue.o
 .comment       0x0000006e       0x6f Middlewares/FreeRTOS/tasks.o
 .comment       0x0000006e       0x6f Middlewares/USB_Host_Library/usbh_core.o
 .comment       0x0000006e       0x6f Middlewares/USB_Host_Library/usbh_pipes.o

.debug_frame    0x00000000     0x3ab0
 .debug_frame   0x00000000       0x30 Application/User/freertos.o
 .debug_frame   0x00000030       0xac Application/User/main.o
 .debug_frame   0x000000dc      0x108 Application/User/stm32f4xx_hal_msp.o
 .debug_frame   0x000001e4       0x50 Application/User/stm32f4xx_hal_timebase_TIM.o
 .debug_frame   0x00000234       0x80 Application/User/stm32f4xx_it.o
 .debug_frame   0x000002b4      0x1d8 Application/User/usbh_conf.o
 .debug_frame   0x0000048c       0x30 Drivers/CMSIS/system_stm32f4xx.o
 .debug_frame   0x000004bc      0x184 Drivers/STM32F4xx_HAL_Driver/stm32f4xx_hal.o
 .debug_frame   0x00000640      0x1bc Drivers/STM32F4xx_HAL_Driver/stm32f4xx_hal_can.o
 .debug_frame   0x000007fc      0x130 Drivers/STM32F4xx_HAL_Driver/stm32f4xx_hal_cortex.o
 .debug_frame   0x0000092c       0xd4 Drivers/STM32F4xx_HAL_Driver/stm32f4xx_hal_gpio.o
 .debug_frame   0x00000a00      0x1e8 Drivers/STM32F4xx_HAL_Driver/stm32f4xx_hal_hcd.o
 .debug_frame   0x00000be8      0x63c Drivers/STM32F4xx_HAL_Driver/stm32f4xx_hal_i2c.o
 .debug_frame   0x00001224      0x150 Drivers/STM32F4xx_HAL_Driver/stm32f4xx_hal_i2s_ex.o
 .debug_frame   0x00001374      0x138 Drivers/STM32F4xx_HAL_Driver/stm32f4xx_hal_rcc.o
 .debug_frame   0x000014ac       0x5c Drivers/STM32F4xx_HAL_Driver/stm32f4xx_hal_rcc_ex.o
 .debug_frame   0x00001508      0x490 Drivers/STM32F4xx_HAL_Driver/stm32f4xx_hal_spi.o
 .debug_frame   0x00001998      0x854 Drivers/STM32F4xx_HAL_Driver/stm32f4xx_hal_tim.o
 .debug_frame   0x000021ec      0x334 Drivers/STM32F4xx_HAL_Driver/stm32f4xx_hal_tim_ex.o
 .debug_frame   0x00002520      0x47c Drivers/STM32F4xx_HAL_Driver/stm32f4xx_ll_usb.o
 .debug_frame   0x0000299c      0x468 Middlewares/FreeRTOS/cmsis_os.o
 .debug_frame   0x00002e04       0xa4 Middlewares/FreeRTOS/heap_4.o
 .debug_frame   0x00002ea8       0x6c Middlewares/FreeRTOS/list.o
 .debug_frame   0x00002f14       0xf0 Middlewares/FreeRTOS/port.o
 .debug_frame   0x00003004      0x270 Middlewares/FreeRTOS/queue.o
 .debug_frame   0x00003274      0x5ac Middlewares/FreeRTOS/tasks.o
 .debug_frame   0x00003820      0x1ac Middlewares/USB_Host_Library/usbh_core.o
 .debug_frame   0x000039cc       0x70 Middlewares/USB_Host_Library/usbh_pipes.o
 .debug_frame   0x00003a3c       0x2c /home/ale/.Ac6/SystemWorkbench/plugins/fr.ac6.mcu.externaltools.arm-none.linux64_1.7.0.201602291252/tools/compiler/bin/../lib/gcc/arm-none-eabi/5.2.1/../../../../arm-none-eabi/lib/armv7e-m/fpu/libc_nano.a(lib_a-init.o)
 .debug_frame   0x00003a68       0x28 /home/ale/.Ac6/SystemWorkbench/plugins/fr.ac6.mcu.externaltools.arm-none.linux64_1.7.0.201602291252/tools/compiler/bin/../lib/gcc/arm-none-eabi/5.2.1/../../../../arm-none-eabi/lib/armv7e-m/fpu/libc_nano.a(lib_a-memcpy-stub.o)
 .debug_frame   0x00003a90       0x20 /home/ale/.Ac6/SystemWorkbench/plugins/fr.ac6.mcu.externaltools.arm-none.linux64_1.7.0.201602291252/tools/compiler/bin/../lib/gcc/arm-none-eabi/5.2.1/../../../../arm-none-eabi/lib/armv7e-m/fpu/libc_nano.a(lib_a-memset.o)

.debug_loc      0x00000000    0x1028d
 .debug_loc     0x00000000       0x4d Application/User/main.o
 .debug_loc     0x0000004d      0x134 Application/User/stm32f4xx_hal_msp.o
 .debug_loc     0x00000181       0xa5 Application/User/stm32f4xx_hal_timebase_TIM.o
 .debug_loc     0x00000226      0x51a Application/User/usbh_conf.o
 .debug_loc     0x00000740       0xd7 Drivers/CMSIS/system_stm32f4xx.o
 .debug_loc     0x00000817       0x92 Drivers/STM32F4xx_HAL_Driver/stm32f4xx_hal.o
 .debug_loc     0x000008a9      0x717 Drivers/STM32F4xx_HAL_Driver/stm32f4xx_hal_can.o
 .debug_loc     0x00000fc0      0x4ab Drivers/STM32F4xx_HAL_Driver/stm32f4xx_hal_cortex.o
 .debug_loc     0x0000146b      0x374 Drivers/STM32F4xx_HAL_Driver/stm32f4xx_hal_gpio.o
 .debug_loc     0x000017df      0x92a Drivers/STM32F4xx_HAL_Driver/stm32f4xx_hal_hcd.o
 .debug_loc     0x00002109     0x2856 Drivers/STM32F4xx_HAL_Driver/stm32f4xx_hal_i2c.o
 .debug_loc     0x0000495f      0xd17 Drivers/STM32F4xx_HAL_Driver/stm32f4xx_hal_i2s_ex.o
 .debug_loc     0x00005676      0x49b Drivers/STM32F4xx_HAL_Driver/stm32f4xx_hal_rcc.o
 .debug_loc     0x00005b11      0x169 Drivers/STM32F4xx_HAL_Driver/stm32f4xx_hal_rcc_ex.o
 .debug_loc     0x00005c7a     0x1725 Drivers/STM32F4xx_HAL_Driver/stm32f4xx_hal_spi.o
 .debug_loc     0x0000739f     0x3146 Drivers/STM32F4xx_HAL_Driver/stm32f4xx_hal_tim.o
 .debug_loc     0x0000a4e5      0x7b9 Drivers/STM32F4xx_HAL_Driver/stm32f4xx_hal_tim_ex.o
 .debug_loc     0x0000ac9e     0x1473 Drivers/STM32F4xx_HAL_Driver/stm32f4xx_ll_usb.o
 .debug_loc     0x0000c111      0xfd6 Middlewares/FreeRTOS/cmsis_os.o
 .debug_loc     0x0000d0e7      0x38a Middlewares/FreeRTOS/heap_4.o
 .debug_loc     0x0000d471       0x94 Middlewares/FreeRTOS/list.o
 .debug_loc     0x0000d505       0xae Middlewares/FreeRTOS/port.o
 .debug_loc     0x0000d5b3      0xa46 Middlewares/FreeRTOS/queue.o
 .debug_loc     0x0000dff9     0x18fa Middlewares/FreeRTOS/tasks.o
 .debug_loc     0x0000f8f3      0x7da Middlewares/USB_Host_Library/usbh_core.o
 .debug_loc     0x000100cd      0x1c0 Middlewares/USB_Host_Library/usbh_pipes.o
